ARM GAS  /var/folders/d6/h50ndp_j7xj_7552gzkj6_s40000gn/T//ccsm8Blj.s 			page 1


   1              		.cpu cortex-m0
   2              		.arch armv6s-m
   3              		.fpu softvfp
   4              		.eabi_attribute 20, 1
   5              		.eabi_attribute 21, 1
   6              		.eabi_attribute 23, 3
   7              		.eabi_attribute 24, 1
   8              		.eabi_attribute 25, 1
   9              		.eabi_attribute 26, 1
  10              		.eabi_attribute 30, 1
  11              		.eabi_attribute 34, 0
  12              		.eabi_attribute 18, 4
  13              		.file	"main.c"
  14              		.text
  15              	.Ltext0:
  16              		.cfi_sections	.debug_frame
  17              		.file 1 "Core/Src/main.c"
  18              		.section	.text.MX_GPIO_Init,"ax",%progbits
  19              		.align	1
  20              		.syntax unified
  21              		.code	16
  22              		.thumb_func
  24              	MX_GPIO_Init:
  25              	.LFB42:
   1:Core/Src/main.c **** /* USER CODE BEGIN Header */
   2:Core/Src/main.c **** /**
   3:Core/Src/main.c ****   ******************************************************************************
   4:Core/Src/main.c ****   * @file           : main.c
   5:Core/Src/main.c ****   * @brief          : Main program body
   6:Core/Src/main.c ****   ******************************************************************************
   7:Core/Src/main.c ****   * @attention
   8:Core/Src/main.c ****   *
   9:Core/Src/main.c ****   * Copyright (c) 2025 STMicroelectronics.
  10:Core/Src/main.c ****   * All rights reserved.
  11:Core/Src/main.c ****   *
  12:Core/Src/main.c ****   * This software is licensed under terms that can be found in the LICENSE file
  13:Core/Src/main.c ****   * in the root directory of this software component.
  14:Core/Src/main.c ****   * If no LICENSE file comes with this software, it is provided AS-IS.
  15:Core/Src/main.c ****   *
  16:Core/Src/main.c ****   ******************************************************************************
  17:Core/Src/main.c ****   */
  18:Core/Src/main.c **** /* USER CODE END Header */
  19:Core/Src/main.c **** /* Includes ------------------------------------------------------------------*/
  20:Core/Src/main.c **** #include "main.h"
  21:Core/Src/main.c **** 
  22:Core/Src/main.c **** /* Private includes ----------------------------------------------------------*/
  23:Core/Src/main.c **** /* USER CODE BEGIN Includes */
  24:Core/Src/main.c **** #include <stdint.h>
  25:Core/Src/main.c **** #include "stm32f0xx.h"
  26:Core/Src/main.c **** /* USER CODE END Includes */
  27:Core/Src/main.c **** 
  28:Core/Src/main.c **** /* Private typedef -----------------------------------------------------------*/
  29:Core/Src/main.c **** /* USER CODE BEGIN PTD */
  30:Core/Src/main.c **** #define MAX_ITER 100
  31:Core/Src/main.c **** /* USER CODE END PTD */
  32:Core/Src/main.c **** 
  33:Core/Src/main.c **** /* Private define ------------------------------------------------------------*/
ARM GAS  /var/folders/d6/h50ndp_j7xj_7552gzkj6_s40000gn/T//ccsm8Blj.s 			page 2


  34:Core/Src/main.c **** /* USER CODE BEGIN PD */
  35:Core/Src/main.c **** 
  36:Core/Src/main.c **** /* USER CODE END PD */
  37:Core/Src/main.c **** 
  38:Core/Src/main.c **** /* Private macro -------------------------------------------------------------*/
  39:Core/Src/main.c **** /* USER CODE BEGIN PM */
  40:Core/Src/main.c **** 
  41:Core/Src/main.c **** /* USER CODE END PM */
  42:Core/Src/main.c **** 
  43:Core/Src/main.c **** /* Private variables ---------------------------------------------------------*/
  44:Core/Src/main.c **** 
  45:Core/Src/main.c **** /* USER CODE BEGIN PV */
  46:Core/Src/main.c **** //TODO: Define and initialise the global varibales required
  47:Core/Src/main.c **** /*
  48:Core/Src/main.c ****   start_time
  49:Core/Src/main.c ****   end_time
  50:Core/Src/main.c ****   execution_time 
  51:Core/Src/main.c ****   checksum: should be uint64_t
  52:Core/Src/main.c ****   initial width and height maybe or you might opt for an array??
  53:Core/Src/main.c **** */
  54:Core/Src/main.c **** 
  55:Core/Src/main.c **** uint32_t start_time = 0;
  56:Core/Src/main.c **** uint32_t end_time = 0;
  57:Core/Src/main.c **** uint32_t execution_time = 0;
  58:Core/Src/main.c **** uint64_t checksum = 0;
  59:Core/Src/main.c **** 
  60:Core/Src/main.c **** int32_t height = 0;
  61:Core/Src/main.c **** int32_t width = 0;
  62:Core/Src/main.c **** 
  63:Core/Src/main.c **** const int image_dimensions[] = {128, 160, 192, 224, 256};
  64:Core/Src/main.c **** 
  65:Core/Src/main.c **** // vars for custom benchmark func:
  66:Core/Src/main.c **** //#define NUM_SIZES 5
  67:Core/Src/main.c **** //uint64_t checksum_fixed[NUM_SIZES];
  68:Core/Src/main.c **** //uint64_t checksum_double[NUM_SIZES];
  69:Core/Src/main.c **** //uint32_t time_fixed_ms[NUM_SIZES];
  70:Core/Src/main.c **** //uint32_t time_double_ms[NUM_SIZES];
  71:Core/Src/main.c **** //
  72:Core/Src/main.c **** //volatile int bench_done = 0;
  73:Core/Src/main.c **** 
  74:Core/Src/main.c **** /* USER CODE END PV */
  75:Core/Src/main.c **** 
  76:Core/Src/main.c **** /* Private function prototypes -----------------------------------------------*/
  77:Core/Src/main.c **** void SystemClock_Config(void);
  78:Core/Src/main.c **** static void MX_GPIO_Init(void);
  79:Core/Src/main.c **** /* USER CODE BEGIN PFP */
  80:Core/Src/main.c **** uint64_t calculate_mandelbrot_fixed_point_arithmetic(int width, int height, int max_iterations);
  81:Core/Src/main.c **** uint64_t calculate_mandelbrot_double(int width, int height, int max_iterations);
  82:Core/Src/main.c **** 
  83:Core/Src/main.c **** 
  84:Core/Src/main.c **** /* USER CODE END PFP */
  85:Core/Src/main.c **** 
  86:Core/Src/main.c **** /* Private user code ---------------------------------------------------------*/
  87:Core/Src/main.c **** /* USER CODE BEGIN 0 */
  88:Core/Src/main.c **** 
  89:Core/Src/main.c **** /* USER CODE END 0 */
  90:Core/Src/main.c **** 
ARM GAS  /var/folders/d6/h50ndp_j7xj_7552gzkj6_s40000gn/T//ccsm8Blj.s 			page 3


  91:Core/Src/main.c **** /**
  92:Core/Src/main.c ****   * @brief  The application entry point.
  93:Core/Src/main.c ****   * @retval int
  94:Core/Src/main.c ****   */
  95:Core/Src/main.c **** int main(void)
  96:Core/Src/main.c **** {
  97:Core/Src/main.c ****   /* USER CODE BEGIN 1 */
  98:Core/Src/main.c **** 
  99:Core/Src/main.c ****   /* USER CODE END 1 */
 100:Core/Src/main.c **** 
 101:Core/Src/main.c ****   /* MCU Configuration--------------------------------------------------------*/
 102:Core/Src/main.c **** 
 103:Core/Src/main.c ****   /* Reset of all peripherals, Initializes the Flash interface and the Systick. */
 104:Core/Src/main.c ****   HAL_Init();
 105:Core/Src/main.c **** 
 106:Core/Src/main.c ****   /* USER CODE BEGIN Init */
 107:Core/Src/main.c **** 
 108:Core/Src/main.c ****   /* USER CODE END Init */
 109:Core/Src/main.c **** 
 110:Core/Src/main.c ****   /* Configure the system clock */
 111:Core/Src/main.c ****   SystemClock_Config();
 112:Core/Src/main.c **** 
 113:Core/Src/main.c ****   /* USER CODE BEGIN SysInit */
 114:Core/Src/main.c **** 
 115:Core/Src/main.c ****   /* USER CODE END SysInit */
 116:Core/Src/main.c **** 
 117:Core/Src/main.c ****   /* Initialize all configured peripherals */
 118:Core/Src/main.c ****   MX_GPIO_Init();
 119:Core/Src/main.c **** 
 120:Core/Src/main.c ****   /* USER CODE BEGIN 2 */
 121:Core/Src/main.c ****   
 122:Core/Src/main.c ****   for (int i = 0; i < 5; i++) {
 123:Core/Src/main.c ****       width = image_dimensions[i];
 124:Core/Src/main.c ****       height = image_dimensions[i];
 125:Core/Src/main.c **** 
 126:Core/Src/main.c ****       //TODO: Turn on LED 0 to signify the start of the operation
 127:Core/Src/main.c ****       HAL_GPIO_WritePin(GPIOB, GPIO_PIN_0, GPIO_PIN_SET);
 128:Core/Src/main.c **** 
 129:Core/Src/main.c ****       // Fixed-point benchmark:
 130:Core/Src/main.c ****       //TODO: Record the start time
 131:Core/Src/main.c ****       start_time = HAL_GetTick();
 132:Core/Src/main.c ****       //TODO: Call the Mandelbrot Function and store the output in the checksum variable defined in
 133:Core/Src/main.c ****       checksum = calculate_mandelbrot_fixed_point_arithmetic(width, height, MAX_ITER);
 134:Core/Src/main.c ****       //TODO: Record the end time
 135:Core/Src/main.c ****       end_time = HAL_GetTick();
 136:Core/Src/main.c ****       //TODO: Calculate the execution time
 137:Core/Src/main.c ****       execution_time = end_time - start_time;
 138:Core/Src/main.c ****       // Store or print execution_time & checksum
 139:Core/Src/main.c **** 
 140:Core/Src/main.c ****       // Double benchmark:
 141:Core/Src/main.c ****       //TODO: Record the start time
 142:Core/Src/main.c ****       start_time = HAL_GetTick();
 143:Core/Src/main.c ****       //TODO: Call the Mandelbrot Function and store the output in the checksum variable defined in
 144:Core/Src/main.c ****       checksum = calculate_mandelbrot_double(width, height, MAX_ITER);
 145:Core/Src/main.c ****       //TODO: Record the end time
 146:Core/Src/main.c ****       end_time = HAL_GetTick();
 147:Core/Src/main.c ****       //TODO: Calculate the execution time
ARM GAS  /var/folders/d6/h50ndp_j7xj_7552gzkj6_s40000gn/T//ccsm8Blj.s 			page 4


 148:Core/Src/main.c ****       execution_time = end_time - start_time;
 149:Core/Src/main.c ****       // Store or print execution_time & checksum
 150:Core/Src/main.c **** 
 151:Core/Src/main.c ****       //TODO: Turn on LED 1 to signify the end of the operation
 152:Core/Src/main.c ****       HAL_GPIO_WritePin(GPIOB, GPIO_PIN_1, GPIO_PIN_SET);
 153:Core/Src/main.c **** 
 154:Core/Src/main.c ****       //TODO: Hold the LEDs on for a 1s delay
 155:Core/Src/main.c ****       HAL_Delay(1000);
 156:Core/Src/main.c **** 
 157:Core/Src/main.c ****       //TODO: Turn off the LEDs
 158:Core/Src/main.c ****       HAL_GPIO_WritePin(GPIOB, GPIO_PIN_0 | GPIO_PIN_1, GPIO_PIN_RESET);
 159:Core/Src/main.c ****   }
 160:Core/Src/main.c **** 
 161:Core/Src/main.c ****   /* USER CODE END 2 */
 162:Core/Src/main.c **** 
 163:Core/Src/main.c ****   /* Infinite loop */
 164:Core/Src/main.c ****   /* USER CODE BEGIN WHILE */
 165:Core/Src/main.c ****   while (1)
 166:Core/Src/main.c ****   {
 167:Core/Src/main.c ****     /* USER CODE END WHILE */
 168:Core/Src/main.c **** 
 169:Core/Src/main.c ****     /* USER CODE BEGIN 3 */
 170:Core/Src/main.c **** 
 171:Core/Src/main.c **** 	// CUSTOM BENCHMARK FUNC:
 172:Core/Src/main.c **** //	  if (!bench_done) {
 173:Core/Src/main.c **** //	      // Choose repeats so measured times are meaningful:
 174:Core/Src/main.c **** //	      // if per-run time > 200 ms, repeats=1 is fine. For small durations use higher repeats (e.
 175:Core/Src/main.c **** //	      run_benchmarks(3, MAX_ITER /* or the value your Python script uses */);
 176:Core/Src/main.c **** //	      // Optionally toggle an LED to indicate completion
 177:Core/Src/main.c **** //	      LL_GPIO_SetOutputPin(LED0_GPIO_Port, LED0_Pin);
 178:Core/Src/main.c **** //	  }
 179:Core/Src/main.c ****   }
 180:Core/Src/main.c ****   /* USER CODE END 3 */
 181:Core/Src/main.c **** }
 182:Core/Src/main.c **** 
 183:Core/Src/main.c **** /**
 184:Core/Src/main.c ****   * @brief System Clock Configuration
 185:Core/Src/main.c ****   * @retval None
 186:Core/Src/main.c ****   */
 187:Core/Src/main.c **** void SystemClock_Config(void)
 188:Core/Src/main.c **** {
 189:Core/Src/main.c ****   RCC_OscInitTypeDef RCC_OscInitStruct = {0};
 190:Core/Src/main.c ****   RCC_ClkInitTypeDef RCC_ClkInitStruct = {0};
 191:Core/Src/main.c **** 
 192:Core/Src/main.c ****   /** Initializes the RCC Oscillators according to the specified parameters
 193:Core/Src/main.c ****   * in the RCC_OscInitTypeDef structure.
 194:Core/Src/main.c ****   */
 195:Core/Src/main.c ****   RCC_OscInitStruct.OscillatorType = RCC_OSCILLATORTYPE_HSI;
 196:Core/Src/main.c ****   RCC_OscInitStruct.HSIState = RCC_HSI_ON;
 197:Core/Src/main.c ****   RCC_OscInitStruct.HSICalibrationValue = RCC_HSICALIBRATION_DEFAULT;
 198:Core/Src/main.c ****   RCC_OscInitStruct.PLL.PLLState = RCC_PLL_NONE;
 199:Core/Src/main.c ****   if (HAL_RCC_OscConfig(&RCC_OscInitStruct) != HAL_OK)
 200:Core/Src/main.c ****   {
 201:Core/Src/main.c ****     Error_Handler();
 202:Core/Src/main.c ****   }
 203:Core/Src/main.c **** 
 204:Core/Src/main.c ****   /** Initializes the CPU, AHB and APB buses clocks
ARM GAS  /var/folders/d6/h50ndp_j7xj_7552gzkj6_s40000gn/T//ccsm8Blj.s 			page 5


 205:Core/Src/main.c ****   */
 206:Core/Src/main.c ****   RCC_ClkInitStruct.ClockType = RCC_CLOCKTYPE_HCLK|RCC_CLOCKTYPE_SYSCLK
 207:Core/Src/main.c ****                               |RCC_CLOCKTYPE_PCLK1;
 208:Core/Src/main.c ****   RCC_ClkInitStruct.SYSCLKSource = RCC_SYSCLKSOURCE_HSI;
 209:Core/Src/main.c ****   RCC_ClkInitStruct.AHBCLKDivider = RCC_SYSCLK_DIV1;
 210:Core/Src/main.c ****   RCC_ClkInitStruct.APB1CLKDivider = RCC_HCLK_DIV1;
 211:Core/Src/main.c **** 
 212:Core/Src/main.c ****   if (HAL_RCC_ClockConfig(&RCC_ClkInitStruct, FLASH_LATENCY_0) != HAL_OK)
 213:Core/Src/main.c ****   {
 214:Core/Src/main.c ****     Error_Handler();
 215:Core/Src/main.c ****   }
 216:Core/Src/main.c **** }
 217:Core/Src/main.c **** 
 218:Core/Src/main.c **** /**
 219:Core/Src/main.c ****   * @brief GPIO Initialization Function
 220:Core/Src/main.c ****   * @param None
 221:Core/Src/main.c ****   * @retval None
 222:Core/Src/main.c ****   */
 223:Core/Src/main.c **** static void MX_GPIO_Init(void)
 224:Core/Src/main.c **** {
  26              		.loc 1 224 1 view -0
  27              		.cfi_startproc
  28              		@ args = 0, pretend = 0, frame = 32
  29              		@ frame_needed = 0, uses_anonymous_args = 0
  30 0000 10B5     		push	{r4, lr}
  31              	.LCFI0:
  32              		.cfi_def_cfa_offset 8
  33              		.cfi_offset 4, -8
  34              		.cfi_offset 14, -4
  35 0002 88B0     		sub	sp, sp, #32
  36              	.LCFI1:
  37              		.cfi_def_cfa_offset 40
 225:Core/Src/main.c ****   GPIO_InitTypeDef GPIO_InitStruct = {0};
  38              		.loc 1 225 3 view .LVU1
  39              		.loc 1 225 20 is_stmt 0 view .LVU2
  40 0004 1422     		movs	r2, #20
  41 0006 0021     		movs	r1, #0
  42 0008 03A8     		add	r0, sp, #12
  43 000a FFF7FEFF 		bl	memset
  44              	.LVL0:
 226:Core/Src/main.c **** /* USER CODE BEGIN MX_GPIO_Init_1 */
 227:Core/Src/main.c **** /* USER CODE END MX_GPIO_Init_1 */
 228:Core/Src/main.c **** 
 229:Core/Src/main.c ****   /* GPIO Ports Clock Enable */
 230:Core/Src/main.c ****   __HAL_RCC_GPIOB_CLK_ENABLE();
  45              		.loc 1 230 3 is_stmt 1 view .LVU3
  46              	.LBB4:
  47              		.loc 1 230 3 view .LVU4
  48              		.loc 1 230 3 view .LVU5
  49 000e 134B     		ldr	r3, .L2
  50 0010 5A69     		ldr	r2, [r3, #20]
  51 0012 8021     		movs	r1, #128
  52 0014 C902     		lsls	r1, r1, #11
  53 0016 0A43     		orrs	r2, r1
  54 0018 5A61     		str	r2, [r3, #20]
  55              		.loc 1 230 3 view .LVU6
  56 001a 5A69     		ldr	r2, [r3, #20]
ARM GAS  /var/folders/d6/h50ndp_j7xj_7552gzkj6_s40000gn/T//ccsm8Blj.s 			page 6


  57 001c 0A40     		ands	r2, r1
  58 001e 0192     		str	r2, [sp, #4]
  59              		.loc 1 230 3 view .LVU7
  60 0020 019A     		ldr	r2, [sp, #4]
  61              	.LBE4:
  62              		.loc 1 230 3 view .LVU8
 231:Core/Src/main.c ****   __HAL_RCC_GPIOA_CLK_ENABLE();
  63              		.loc 1 231 3 view .LVU9
  64              	.LBB5:
  65              		.loc 1 231 3 view .LVU10
  66              		.loc 1 231 3 view .LVU11
  67 0022 5A69     		ldr	r2, [r3, #20]
  68 0024 8021     		movs	r1, #128
  69 0026 8902     		lsls	r1, r1, #10
  70 0028 0A43     		orrs	r2, r1
  71 002a 5A61     		str	r2, [r3, #20]
  72              		.loc 1 231 3 view .LVU12
  73 002c 5B69     		ldr	r3, [r3, #20]
  74 002e 0B40     		ands	r3, r1
  75 0030 0293     		str	r3, [sp, #8]
  76              		.loc 1 231 3 view .LVU13
  77 0032 029B     		ldr	r3, [sp, #8]
  78              	.LBE5:
  79              		.loc 1 231 3 view .LVU14
 232:Core/Src/main.c **** 
 233:Core/Src/main.c ****   /*Configure GPIO pin Output Level */
 234:Core/Src/main.c ****   HAL_GPIO_WritePin(GPIOB, GPIO_PIN_0|GPIO_PIN_1, GPIO_PIN_RESET);
  80              		.loc 1 234 3 view .LVU15
  81 0034 0A4C     		ldr	r4, .L2+4
  82 0036 0022     		movs	r2, #0
  83 0038 0321     		movs	r1, #3
  84 003a 2000     		movs	r0, r4
  85 003c FFF7FEFF 		bl	HAL_GPIO_WritePin
  86              	.LVL1:
 235:Core/Src/main.c **** 
 236:Core/Src/main.c ****   /*Configure GPIO pins : PB0 PB1 */
 237:Core/Src/main.c ****   GPIO_InitStruct.Pin = GPIO_PIN_0|GPIO_PIN_1;
  87              		.loc 1 237 3 view .LVU16
  88              		.loc 1 237 23 is_stmt 0 view .LVU17
  89 0040 0323     		movs	r3, #3
  90 0042 0393     		str	r3, [sp, #12]
 238:Core/Src/main.c ****   GPIO_InitStruct.Mode = GPIO_MODE_OUTPUT_PP;
  91              		.loc 1 238 3 is_stmt 1 view .LVU18
  92              		.loc 1 238 24 is_stmt 0 view .LVU19
  93 0044 023B     		subs	r3, r3, #2
  94 0046 0493     		str	r3, [sp, #16]
 239:Core/Src/main.c ****   GPIO_InitStruct.Pull = GPIO_NOPULL;
  95              		.loc 1 239 3 is_stmt 1 view .LVU20
  96              		.loc 1 239 24 is_stmt 0 view .LVU21
  97 0048 0023     		movs	r3, #0
  98 004a 0593     		str	r3, [sp, #20]
 240:Core/Src/main.c ****   GPIO_InitStruct.Speed = GPIO_SPEED_FREQ_LOW;
  99              		.loc 1 240 3 is_stmt 1 view .LVU22
 100              		.loc 1 240 25 is_stmt 0 view .LVU23
 101 004c 0693     		str	r3, [sp, #24]
 241:Core/Src/main.c ****   HAL_GPIO_Init(GPIOB, &GPIO_InitStruct);
 102              		.loc 1 241 3 is_stmt 1 view .LVU24
ARM GAS  /var/folders/d6/h50ndp_j7xj_7552gzkj6_s40000gn/T//ccsm8Blj.s 			page 7


 103 004e 03A9     		add	r1, sp, #12
 104 0050 2000     		movs	r0, r4
 105 0052 FFF7FEFF 		bl	HAL_GPIO_Init
 106              	.LVL2:
 242:Core/Src/main.c **** 
 243:Core/Src/main.c **** /* USER CODE BEGIN MX_GPIO_Init_2 */
 244:Core/Src/main.c **** /* USER CODE END MX_GPIO_Init_2 */
 245:Core/Src/main.c **** }
 107              		.loc 1 245 1 is_stmt 0 view .LVU25
 108 0056 08B0     		add	sp, sp, #32
 109              		@ sp needed
 110 0058 10BD     		pop	{r4, pc}
 111              	.L3:
 112 005a C046     		.align	2
 113              	.L2:
 114 005c 00100240 		.word	1073876992
 115 0060 00040048 		.word	1207960576
 116              		.cfi_endproc
 117              	.LFE42:
 119              		.global	__aeabi_lmul
 120              		.global	__aeabi_ldivmod
 121              		.section	.text.calculate_mandelbrot_fixed_point_arithmetic,"ax",%progbits
 122              		.align	1
 123              		.global	calculate_mandelbrot_fixed_point_arithmetic
 124              		.syntax unified
 125              		.code	16
 126              		.thumb_func
 128              	calculate_mandelbrot_fixed_point_arithmetic:
 129              	.LVL3:
 130              	.LFB43:
 246:Core/Src/main.c **** 
 247:Core/Src/main.c **** /* USER CODE BEGIN 4 */
 248:Core/Src/main.c **** 
 249:Core/Src/main.c **** //BENCHMARK TESTS
 250:Core/Src/main.c **** /* repeat each test n times and average the time. If runs are long, n=1 is fine */
 251:Core/Src/main.c **** //void run_benchmarks(int repeats, int max_iter) {
 252:Core/Src/main.c **** //    for (int i = 0; i < NUM_SIZES; ++i) {
 253:Core/Src/main.c **** //        int w = image_dimensions[i];
 254:Core/Src/main.c **** //        int h = w;
 255:Core/Src/main.c **** //
 256:Core/Src/main.c **** //        // ---- Fixed (Phila's func) ----
 257:Core/Src/main.c **** //        uint32_t total_fixed = 0;
 258:Core/Src/main.c **** //        uint64_t last_cs_fixed = 0;
 259:Core/Src/main.c **** //        for (int r = 0; r < repeats; ++r) {
 260:Core/Src/main.c **** //            uint32_t t0 = HAL_GetTick();
 261:Core/Src/main.c **** //            last_cs_fixed = calculate_mandelbrot_fixed_point_arithmetic(w, h, max_iter);
 262:Core/Src/main.c **** //            uint32_t t1 = HAL_GetTick();
 263:Core/Src/main.c **** //            total_fixed += (t1 - t0);
 264:Core/Src/main.c **** //            HAL_Delay(10); // small gap to let system breathe
 265:Core/Src/main.c **** //        }
 266:Core/Src/main.c **** //        checksum_fixed[i] = last_cs_fixed;
 267:Core/Src/main.c **** //        time_fixed_ms[i] = total_fixed / repeats;
 268:Core/Src/main.c **** //
 269:Core/Src/main.c **** //        // ---- Double (Lula's func) ----
 270:Core/Src/main.c **** //        uint32_t total_double = 0;
 271:Core/Src/main.c **** //        uint64_t last_cs_double = 0;
 272:Core/Src/main.c **** //        for (int r = 0; r < repeats; ++r) {
ARM GAS  /var/folders/d6/h50ndp_j7xj_7552gzkj6_s40000gn/T//ccsm8Blj.s 			page 8


 273:Core/Src/main.c **** //            uint32_t t0 = HAL_GetTick();
 274:Core/Src/main.c **** //            last_cs_double = calculate_mandelbrot_double(w, h, max_iter);
 275:Core/Src/main.c **** //            uint32_t t1 = HAL_GetTick();
 276:Core/Src/main.c **** //            total_double += (t1 - t0);
 277:Core/Src/main.c **** //            HAL_Delay(10);
 278:Core/Src/main.c **** //        }
 279:Core/Src/main.c **** //        checksum_double[i] = last_cs_double;
 280:Core/Src/main.c **** //        time_double_ms[i] = total_double / repeats;
 281:Core/Src/main.c **** //    }
 282:Core/Src/main.c **** //
 283:Core/Src/main.c **** //    // mark done (so we don't run again)
 284:Core/Src/main.c **** //    bench_done = 1;
 285:Core/Src/main.c **** //}
 286:Core/Src/main.c **** 
 287:Core/Src/main.c **** //TODO: Mandelbroat using variable type integers and fixed point arithmetic
 288:Core/Src/main.c **** #define SCALE 1000000 // scaling factor
 289:Core/Src/main.c **** uint64_t calculate_mandelbrot_fixed_point_arithmetic(int width, int height, int max_iterations){
 131              		.loc 1 289 96 is_stmt 1 view -0
 132              		.cfi_startproc
 133              		@ args = 0, pretend = 0, frame = 56
 134              		@ frame_needed = 0, uses_anonymous_args = 0
 135              		.loc 1 289 96 is_stmt 0 view .LVU27
 136 0000 F0B5     		push	{r4, r5, r6, r7, lr}
 137              	.LCFI2:
 138              		.cfi_def_cfa_offset 20
 139              		.cfi_offset 4, -20
 140              		.cfi_offset 5, -16
 141              		.cfi_offset 6, -12
 142              		.cfi_offset 7, -8
 143              		.cfi_offset 14, -4
 144 0002 DE46     		mov	lr, fp
 145 0004 5746     		mov	r7, r10
 146 0006 4E46     		mov	r6, r9
 147 0008 4546     		mov	r5, r8
 148 000a E0B5     		push	{r5, r6, r7, lr}
 149              	.LCFI3:
 150              		.cfi_def_cfa_offset 36
 151              		.cfi_offset 8, -36
 152              		.cfi_offset 9, -32
 153              		.cfi_offset 10, -28
 154              		.cfi_offset 11, -24
 155 000c 8FB0     		sub	sp, sp, #60
 156              	.LCFI4:
 157              		.cfi_def_cfa_offset 96
 158 000e 0700     		movs	r7, r0
 159 0010 0A92     		str	r2, [sp, #40]
 290:Core/Src/main.c ****   uint64_t mandelbrot_sum = 0;
 160              		.loc 1 290 3 is_stmt 1 view .LVU28
 161              	.LVL4:
 291:Core/Src/main.c ****     //TODO: Complete the function implementation
 292:Core/Src/main.c ****     for(int y = 0; y < height; y++){
 162              		.loc 1 292 5 view .LVU29
 163              	.LBB6:
 164              		.loc 1 292 9 view .LVU30
 165              		.loc 1 292 13 is_stmt 0 view .LVU31
 166 0012 0023     		movs	r3, #0
 167 0014 9946     		mov	r9, r3
ARM GAS  /var/folders/d6/h50ndp_j7xj_7552gzkj6_s40000gn/T//ccsm8Blj.s 			page 9


 168              	.LBE6:
 290:Core/Src/main.c ****   uint64_t mandelbrot_sum = 0;
 169              		.loc 1 290 12 view .LVU32
 170 0016 0023     		movs	r3, #0
 171 0018 0024     		movs	r4, #0
 172 001a 0893     		str	r3, [sp, #32]
 173 001c 0994     		str	r4, [sp, #36]
 174 001e 4B46     		mov	r3, r9
 175 0020 0C93     		str	r3, [sp, #48]
 176 0022 0D91     		str	r1, [sp, #52]
 177              	.LBB14:
 178              		.loc 1 292 5 view .LVU33
 179 0024 71E0     		b	.L5
 180              	.LVL5:
 181              	.L13:
 182              	.LBB7:
 183              	.LBB8:
 184              	.LBB9:
 185              	.LBB10:
 293:Core/Src/main.c ****     	for(int x = 0; x < width; x++){
 294:Core/Src/main.c ****     		// convert pixel coordinates to fixed point complex plane coordinates
 295:Core/Src/main.c ****     		int32_t x0 = ((int64_t)x*SCALE*35/width)-(SCALE*25)/10; // making sure all numbers are intege
 296:Core/Src/main.c ****     		int32_t y0 = ((int64_t)y * SCALE * 20/ height)-(SCALE*10)/10;
 297:Core/Src/main.c **** 
 298:Core/Src/main.c ****     		int32_t xi = 0;
 299:Core/Src/main.c ****     		int32_t yi = 0;
 300:Core/Src/main.c ****     		int i = 0;
 301:Core/Src/main.c **** 
 302:Core/Src/main.c ****     		while (i < max_iterations){
 303:Core/Src/main.c ****     			int64_t xi_sq = ((int64_t)xi * xi) / SCALE;
 304:Core/Src/main.c ****     			int64_t yi_sq = ((int64_t)yi * yi) / SCALE;
 305:Core/Src/main.c **** 
 306:Core/Src/main.c ****     			if(xi_sq + yi_sq <= 4 * SCALE){
 307:Core/Src/main.c ****     				int32_t temp = (int32_t)(xi_sq - yi_sq);
 186              		.loc 1 307 9 is_stmt 1 view .LVU34
 187              		.loc 1 307 40 is_stmt 0 view .LVU35
 188 0026 0099     		ldr	r1, [sp]
 189 0028 8B1A     		subs	r3, r1, r2
 190 002a 9946     		mov	r9, r3
 191              	.LVL6:
 308:Core/Src/main.c **** 
 309:Core/Src/main.c ****     				int64_t xy = ((int64_t)xi * yi) / SCALE;
 192              		.loc 1 309 9 is_stmt 1 view .LVU36
 193              		.loc 1 309 35 is_stmt 0 view .LVU37
 194 002c 039A     		ldr	r2, [sp, #12]
 195              	.LVL7:
 196              		.loc 1 309 35 view .LVU38
 197 002e 3B00     		movs	r3, r7
 198              	.LVL8:
 199              		.loc 1 309 35 view .LVU39
 200 0030 0298     		ldr	r0, [sp, #8]
 201 0032 3100     		movs	r1, r6
 202 0034 FFF7FEFF 		bl	__aeabi_lmul
 203              	.LVL9:
 204              		.loc 1 309 17 view .LVU40
 205 0038 3B4A     		ldr	r2, .L16
 206 003a 0023     		movs	r3, #0
ARM GAS  /var/folders/d6/h50ndp_j7xj_7552gzkj6_s40000gn/T//ccsm8Blj.s 			page 10


 207 003c FFF7FEFF 		bl	__aeabi_ldivmod
 208              	.LVL10:
 310:Core/Src/main.c **** 
 311:Core/Src/main.c ****     				yi  =(int32_t)(2*xy + y0);
 209              		.loc 1 311 9 is_stmt 1 view .LVU41
 210              		.loc 1 311 29 is_stmt 0 view .LVU42
 211 0040 4000     		lsls	r0, r0, #1
 212              	.LVL11:
 213              		.loc 1 311 29 view .LVU43
 214 0042 4044     		add	r0, r0, r8
 215 0044 0400     		movs	r4, r0
 216              	.LVL12:
 312:Core/Src/main.c ****     				xi = temp + x0;
 217              		.loc 1 312 9 is_stmt 1 view .LVU44
 218              		.loc 1 312 12 is_stmt 0 view .LVU45
 219 0046 4846     		mov	r0, r9
 220              	.LVL13:
 221              		.loc 1 312 12 view .LVU46
 222 0048 5844     		add	r0, r0, fp
 223              	.LVL14:
 313:Core/Src/main.c **** 
 314:Core/Src/main.c ****     				i++;
 224              		.loc 1 314 9 is_stmt 1 view .LVU47
 225              		.loc 1 314 10 is_stmt 0 view .LVU48
 226 004a 0135     		adds	r5, r5, #1
 227              	.LVL15:
 228              	.L6:
 229              		.loc 1 314 10 view .LVU49
 230              	.LBE10:
 231              	.LBE9:
 302:Core/Src/main.c ****     			int64_t xi_sq = ((int64_t)xi * xi) / SCALE;
 232              		.loc 1 302 16 is_stmt 1 view .LVU50
 233 004c 0A9B     		ldr	r3, [sp, #40]
 234 004e 9D42     		cmp	r5, r3
 235 0050 27DA     		bge	.L7
 236              	.LBB11:
 303:Core/Src/main.c ****     			int64_t yi_sq = ((int64_t)yi * yi) / SCALE;
 237              		.loc 1 303 8 view .LVU51
 303:Core/Src/main.c ****     			int64_t yi_sq = ((int64_t)yi * yi) / SCALE;
 238              		.loc 1 303 25 is_stmt 0 view .LVU52
 239 0052 0290     		str	r0, [sp, #8]
 240 0054 C617     		asrs	r6, r0, #31
 303:Core/Src/main.c ****     			int64_t yi_sq = ((int64_t)yi * yi) / SCALE;
 241              		.loc 1 303 37 view .LVU53
 242 0056 0200     		movs	r2, r0
 243 0058 3300     		movs	r3, r6
 244 005a 3100     		movs	r1, r6
 245 005c FFF7FEFF 		bl	__aeabi_lmul
 246              	.LVL16:
 303:Core/Src/main.c ****     			int64_t yi_sq = ((int64_t)yi * yi) / SCALE;
 247              		.loc 1 303 16 view .LVU54
 248 0060 314A     		ldr	r2, .L16
 249 0062 0023     		movs	r3, #0
 250 0064 FFF7FEFF 		bl	__aeabi_ldivmod
 251              	.LVL17:
 252 0068 0090     		str	r0, [sp]
 253 006a 0191     		str	r1, [sp, #4]
ARM GAS  /var/folders/d6/h50ndp_j7xj_7552gzkj6_s40000gn/T//ccsm8Blj.s 			page 11


 254              	.LVL18:
 304:Core/Src/main.c **** 
 255              		.loc 1 304 8 is_stmt 1 view .LVU55
 304:Core/Src/main.c **** 
 256              		.loc 1 304 25 is_stmt 0 view .LVU56
 257 006c 0394     		str	r4, [sp, #12]
 258 006e E717     		asrs	r7, r4, #31
 304:Core/Src/main.c **** 
 259              		.loc 1 304 37 view .LVU57
 260 0070 2200     		movs	r2, r4
 261 0072 3B00     		movs	r3, r7
 262 0074 2000     		movs	r0, r4
 263 0076 3900     		movs	r1, r7
 264 0078 FFF7FEFF 		bl	__aeabi_lmul
 265              	.LVL19:
 304:Core/Src/main.c **** 
 266              		.loc 1 304 16 view .LVU58
 267 007c 2A4A     		ldr	r2, .L16
 268 007e 0023     		movs	r3, #0
 269 0080 FFF7FEFF 		bl	__aeabi_ldivmod
 270              	.LVL20:
 271 0084 0200     		movs	r2, r0
 272 0086 0B00     		movs	r3, r1
 273              	.LVL21:
 306:Core/Src/main.c ****     				int32_t temp = (int32_t)(xi_sq - yi_sq);
 274              		.loc 1 306 8 is_stmt 1 view .LVU59
 306:Core/Src/main.c ****     				int32_t temp = (int32_t)(xi_sq - yi_sq);
 275              		.loc 1 306 17 is_stmt 0 view .LVU60
 276 0088 0098     		ldr	r0, [sp]
 277 008a 0199     		ldr	r1, [sp, #4]
 278 008c 8018     		adds	r0, r0, r2
 279 008e 5941     		adcs	r1, r1, r3
 280 0090 0490     		str	r0, [sp, #16]
 281 0092 0591     		str	r1, [sp, #20]
 306:Core/Src/main.c ****     				int32_t temp = (int32_t)(xi_sq - yi_sq);
 282              		.loc 1 306 10 view .LVU61
 283 0094 0029     		cmp	r1, #0
 284 0096 04DC     		bgt	.L7
 285 0098 C5D1     		bne	.L13
 286 009a 2449     		ldr	r1, .L16+4
 287 009c 0498     		ldr	r0, [sp, #16]
 288 009e 8842     		cmp	r0, r1
 289 00a0 C1D9     		bls	.L13
 290              	.LVL22:
 291              	.L7:
 306:Core/Src/main.c ****     				int32_t temp = (int32_t)(xi_sq - yi_sq);
 292              		.loc 1 306 10 view .LVU62
 293              	.LBE11:
 315:Core/Src/main.c **** 
 316:Core/Src/main.c ****     			}
 317:Core/Src/main.c **** 
 318:Core/Src/main.c ****     			else{
 319:Core/Src/main.c ****     				break;
 320:Core/Src/main.c ****     			}
 321:Core/Src/main.c ****     		}
 322:Core/Src/main.c **** 
 323:Core/Src/main.c ****     		mandelbrot_sum += i;
ARM GAS  /var/folders/d6/h50ndp_j7xj_7552gzkj6_s40000gn/T//ccsm8Blj.s 			page 12


 294              		.loc 1 323 22 view .LVU63
 295 00a2 0B9E     		ldr	r6, [sp, #44]
 296 00a4 5746     		mov	r7, r10
 297              		.loc 1 323 7 is_stmt 1 view .LVU64
 298              		.loc 1 323 22 is_stmt 0 view .LVU65
 299 00a6 0695     		str	r5, [sp, #24]
 300 00a8 EB17     		asrs	r3, r5, #31
 301 00aa 0793     		str	r3, [sp, #28]
 302 00ac 089B     		ldr	r3, [sp, #32]
 303 00ae 099C     		ldr	r4, [sp, #36]
 304 00b0 0699     		ldr	r1, [sp, #24]
 305 00b2 079A     		ldr	r2, [sp, #28]
 306 00b4 5B18     		adds	r3, r3, r1
 307 00b6 5441     		adcs	r4, r4, r2
 308 00b8 0893     		str	r3, [sp, #32]
 309 00ba 0994     		str	r4, [sp, #36]
 310              	.LVL23:
 311              		.loc 1 323 22 view .LVU66
 312              	.LBE8:
 293:Core/Src/main.c ****     		// convert pixel coordinates to fixed point complex plane coordinates
 313              		.loc 1 293 33 is_stmt 1 discriminator 2 view .LVU67
 314 00bc 0136     		adds	r6, r6, #1
 315              	.LVL24:
 316              	.L11:
 293:Core/Src/main.c ****     		// convert pixel coordinates to fixed point complex plane coordinates
 317              		.loc 1 293 23 discriminator 1 view .LVU68
 318 00be BE42     		cmp	r6, r7
 319 00c0 20DA     		bge	.L14
 320              	.LBB12:
 295:Core/Src/main.c ****     		int32_t y0 = ((int64_t)y * SCALE * 20/ height)-(SCALE*10)/10;
 321              		.loc 1 295 7 view .LVU69
 295:Core/Src/main.c ****     		int32_t y0 = ((int64_t)y * SCALE * 20/ height)-(SCALE*10)/10;
 322              		.loc 1 295 21 is_stmt 0 view .LVU70
 323 00c2 F117     		asrs	r1, r6, #31
 295:Core/Src/main.c ****     		int32_t y0 = ((int64_t)y * SCALE * 20/ height)-(SCALE*10)/10;
 324              		.loc 1 295 37 view .LVU71
 325 00c4 1A4A     		ldr	r2, .L16+8
 326 00c6 0023     		movs	r3, #0
 327 00c8 3000     		movs	r0, r6
 328 00ca FFF7FEFF 		bl	__aeabi_lmul
 329              	.LVL25:
 295:Core/Src/main.c ****     		int32_t y0 = ((int64_t)y * SCALE * 20/ height)-(SCALE*10)/10;
 330              		.loc 1 295 40 view .LVU72
 331 00ce FB17     		asrs	r3, r7, #31
 332 00d0 3A00     		movs	r2, r7
 333 00d2 FFF7FEFF 		bl	__aeabi_ldivmod
 334              	.LVL26:
 295:Core/Src/main.c ****     		int32_t y0 = ((int64_t)y * SCALE * 20/ height)-(SCALE*10)/10;
 335              		.loc 1 295 47 view .LVU73
 336 00d6 174B     		ldr	r3, .L16+12
 337 00d8 9B46     		mov	fp, r3
 338 00da 8344     		add	fp, fp, r0
 339              	.LVL27:
 296:Core/Src/main.c **** 
 340              		.loc 1 296 7 is_stmt 1 view .LVU74
 296:Core/Src/main.c **** 
 341              		.loc 1 296 21 is_stmt 0 view .LVU75
ARM GAS  /var/folders/d6/h50ndp_j7xj_7552gzkj6_s40000gn/T//ccsm8Blj.s 			page 13


 342 00dc 0C98     		ldr	r0, [sp, #48]
 343 00de C117     		asrs	r1, r0, #31
 296:Core/Src/main.c **** 
 344              		.loc 1 296 40 view .LVU76
 345 00e0 154A     		ldr	r2, .L16+16
 346 00e2 0023     		movs	r3, #0
 347 00e4 FFF7FEFF 		bl	__aeabi_lmul
 348              	.LVL28:
 296:Core/Src/main.c **** 
 349              		.loc 1 296 44 view .LVU77
 350 00e8 0D9A     		ldr	r2, [sp, #52]
 351 00ea D317     		asrs	r3, r2, #31
 352 00ec FFF7FEFF 		bl	__aeabi_ldivmod
 353              	.LVL29:
 296:Core/Src/main.c **** 
 354              		.loc 1 296 53 view .LVU78
 355 00f0 124B     		ldr	r3, .L16+20
 356 00f2 9A46     		mov	r10, r3
 357 00f4 8244     		add	r10, r10, r0
 358              	.LVL30:
 298:Core/Src/main.c ****     		int32_t yi = 0;
 359              		.loc 1 298 7 is_stmt 1 view .LVU79
 299:Core/Src/main.c ****     		int i = 0;
 360              		.loc 1 299 7 view .LVU80
 300:Core/Src/main.c **** 
 361              		.loc 1 300 7 view .LVU81
 302:Core/Src/main.c ****     			int64_t xi_sq = ((int64_t)xi * xi) / SCALE;
 362              		.loc 1 302 7 view .LVU82
 300:Core/Src/main.c **** 
 363              		.loc 1 300 11 is_stmt 0 view .LVU83
 364 00f6 0025     		movs	r5, #0
 299:Core/Src/main.c ****     		int i = 0;
 365              		.loc 1 299 15 view .LVU84
 366 00f8 0024     		movs	r4, #0
 298:Core/Src/main.c ****     		int32_t yi = 0;
 367              		.loc 1 298 15 view .LVU85
 368 00fa 0020     		movs	r0, #0
 369 00fc D046     		mov	r8, r10
 370 00fe 0B96     		str	r6, [sp, #44]
 371 0100 BA46     		mov	r10, r7
 372              	.LVL31:
 302:Core/Src/main.c ****     			int64_t xi_sq = ((int64_t)xi * xi) / SCALE;
 373              		.loc 1 302 13 view .LVU86
 374 0102 A3E7     		b	.L6
 375              	.LVL32:
 376              	.L14:
 302:Core/Src/main.c ****     			int64_t xi_sq = ((int64_t)xi * xi) / SCALE;
 377              		.loc 1 302 13 view .LVU87
 378              	.LBE12:
 379              	.LBE7:
 292:Core/Src/main.c ****     	for(int x = 0; x < width; x++){
 380              		.loc 1 292 33 is_stmt 1 discriminator 2 view .LVU88
 381 0104 0C9B     		ldr	r3, [sp, #48]
 382 0106 0133     		adds	r3, r3, #1
 383 0108 0C93     		str	r3, [sp, #48]
 384              	.LVL33:
 385              	.L5:
ARM GAS  /var/folders/d6/h50ndp_j7xj_7552gzkj6_s40000gn/T//ccsm8Blj.s 			page 14


 292:Core/Src/main.c ****     	for(int x = 0; x < width; x++){
 386              		.loc 1 292 22 discriminator 1 view .LVU89
 387 010a 0C9B     		ldr	r3, [sp, #48]
 388 010c 0D9A     		ldr	r2, [sp, #52]
 389 010e 9342     		cmp	r3, r2
 390 0110 01DA     		bge	.L15
 391              	.LBB13:
 293:Core/Src/main.c ****     		// convert pixel coordinates to fixed point complex plane coordinates
 392              		.loc 1 293 14 is_stmt 0 view .LVU90
 393 0112 0026     		movs	r6, #0
 394 0114 D3E7     		b	.L11
 395              	.L15:
 396              	.LBE13:
 397              	.LBE14:
 324:Core/Src/main.c **** 
 325:Core/Src/main.c ****     	}
 326:Core/Src/main.c ****     }
 327:Core/Src/main.c ****     return mandelbrot_sum;
 398              		.loc 1 327 5 is_stmt 1 view .LVU91
 328:Core/Src/main.c **** 
 329:Core/Src/main.c **** }
 399              		.loc 1 329 1 is_stmt 0 view .LVU92
 400 0116 0898     		ldr	r0, [sp, #32]
 401 0118 0999     		ldr	r1, [sp, #36]
 402 011a 0FB0     		add	sp, sp, #60
 403              		@ sp needed
 404              	.LVL34:
 405              		.loc 1 329 1 view .LVU93
 406 011c F0BC     		pop	{r4, r5, r6, r7}
 407 011e BB46     		mov	fp, r7
 408 0120 B246     		mov	r10, r6
 409 0122 A946     		mov	r9, r5
 410 0124 A046     		mov	r8, r4
 411 0126 F0BD     		pop	{r4, r5, r6, r7, pc}
 412              	.L17:
 413              		.align	2
 414              	.L16:
 415 0128 40420F00 		.word	1000000
 416 012c 00093D00 		.word	4000000
 417 0130 C00E1602 		.word	35000000
 418 0134 60DAD9FF 		.word	-2500000
 419 0138 002D3101 		.word	20000000
 420 013c C0BDF0FF 		.word	-1000000
 421              		.cfi_endproc
 422              	.LFE43:
 424              		.global	__aeabi_i2d
 425              		.global	__aeabi_ddiv
 426              		.global	__aeabi_dadd
 427              		.global	__aeabi_dsub
 428              		.global	__aeabi_dmul
 429              		.global	__aeabi_dcmple
 430              		.section	.text.calculate_mandelbrot_double,"ax",%progbits
 431              		.align	1
 432              		.global	calculate_mandelbrot_double
 433              		.syntax unified
 434              		.code	16
 435              		.thumb_func
ARM GAS  /var/folders/d6/h50ndp_j7xj_7552gzkj6_s40000gn/T//ccsm8Blj.s 			page 15


 437              	calculate_mandelbrot_double:
 438              	.LVL35:
 439              	.LFB44:
 330:Core/Src/main.c **** 
 331:Core/Src/main.c **** //TODO: Mandelbroat using variable type double
 332:Core/Src/main.c **** uint64_t calculate_mandelbrot_double(int width, int height, int max_iterations){
 440              		.loc 1 332 80 is_stmt 1 view -0
 441              		.cfi_startproc
 442              		@ args = 0, pretend = 0, frame = 56
 443              		@ frame_needed = 0, uses_anonymous_args = 0
 444              		.loc 1 332 80 is_stmt 0 view .LVU95
 445 0000 F0B5     		push	{r4, r5, r6, r7, lr}
 446              	.LCFI5:
 447              		.cfi_def_cfa_offset 20
 448              		.cfi_offset 4, -20
 449              		.cfi_offset 5, -16
 450              		.cfi_offset 6, -12
 451              		.cfi_offset 7, -8
 452              		.cfi_offset 14, -4
 453 0002 DE46     		mov	lr, fp
 454 0004 5746     		mov	r7, r10
 455 0006 4E46     		mov	r6, r9
 456 0008 4546     		mov	r5, r8
 457 000a E0B5     		push	{r5, r6, r7, lr}
 458              	.LCFI6:
 459              		.cfi_def_cfa_offset 36
 460              		.cfi_offset 8, -36
 461              		.cfi_offset 9, -32
 462              		.cfi_offset 10, -28
 463              		.cfi_offset 11, -24
 464 000c 8FB0     		sub	sp, sp, #60
 465              	.LCFI7:
 466              		.cfi_def_cfa_offset 96
 467 000e 0F00     		movs	r7, r1
 468 0010 9146     		mov	r9, r2
 333:Core/Src/main.c ****     uint64_t mandelbrot_sum = 0;
 469              		.loc 1 333 5 is_stmt 1 view .LVU96
 470              	.LVL36:
 334:Core/Src/main.c ****     //TODO: Complete the function implementation
 335:Core/Src/main.c **** 	for (int y = 0; y < height; ++y) {
 471              		.loc 1 335 2 view .LVU97
 472              	.LBB15:
 473              		.loc 1 335 7 view .LVU98
 474              		.loc 1 335 11 is_stmt 0 view .LVU99
 475 0012 0026     		movs	r6, #0
 476              	.LBE15:
 333:Core/Src/main.c ****     uint64_t mandelbrot_sum = 0;
 477              		.loc 1 333 14 view .LVU100
 478 0014 0023     		movs	r3, #0
 479 0016 0024     		movs	r4, #0
 480 0018 0C93     		str	r3, [sp, #48]
 481 001a 0D94     		str	r4, [sp, #52]
 482 001c 0B90     		str	r0, [sp, #44]
 483              	.LBB23:
 484              		.loc 1 335 2 view .LVU101
 485 001e 73E0     		b	.L19
 486              	.LVL37:
ARM GAS  /var/folders/d6/h50ndp_j7xj_7552gzkj6_s40000gn/T//ccsm8Blj.s 			page 16


 487              	.L23:
 488              	.LBB16:
 489              	.LBB17:
 490              	.LBB18:
 491              	.LBB19:
 336:Core/Src/main.c **** 		double y0 = ((double)y / (double)height) * 2.0 - 1.0;      // map y -> [-1, +1]
 337:Core/Src/main.c **** 		for (int x = 0; x < width; ++x) {
 338:Core/Src/main.c **** 			double x0 = ((double)x / (double)width) * 3.5 - 2.5;  // map x -> [-2.5, 1.0]
 339:Core/Src/main.c **** 			double xi = 0.0;
 340:Core/Src/main.c **** 			double yi = 0.0;
 341:Core/Src/main.c **** 			int i = 0;
 342:Core/Src/main.c **** 
 343:Core/Src/main.c **** 			while (i < max_iterations && (xi*xi + yi*yi) <= 4.0) {
 344:Core/Src/main.c **** 				double tmp = xi*xi - yi*yi + x0;
 492              		.loc 1 344 5 is_stmt 1 view .LVU102
 493              		.loc 1 344 24 is_stmt 0 view .LVU103
 494 0020 029A     		ldr	r2, [sp, #8]
 495 0022 039B     		ldr	r3, [sp, #12]
 496 0024 0098     		ldr	r0, [sp]
 497 0026 0199     		ldr	r1, [sp, #4]
 498 0028 FFF7FEFF 		bl	__aeabi_dsub
 499              	.LVL38:
 500              		.loc 1 344 12 view .LVU104
 501 002c 049A     		ldr	r2, [sp, #16]
 502 002e 059B     		ldr	r3, [sp, #20]
 503 0030 FFF7FEFF 		bl	__aeabi_dadd
 504              	.LVL39:
 505 0034 0090     		str	r0, [sp]
 506 0036 0191     		str	r1, [sp, #4]
 507              	.LVL40:
 345:Core/Src/main.c **** 				yi = 2.0 * xi * yi + y0;
 508              		.loc 1 345 5 is_stmt 1 view .LVU105
 509              		.loc 1 345 14 is_stmt 0 view .LVU106
 510 0038 2200     		movs	r2, r4
 511 003a 2B00     		movs	r3, r5
 512 003c 2000     		movs	r0, r4
 513              	.LVL41:
 514              		.loc 1 345 14 view .LVU107
 515 003e 2900     		movs	r1, r5
 516 0040 FFF7FEFF 		bl	__aeabi_dadd
 517              	.LVL42:
 518              		.loc 1 345 19 view .LVU108
 519 0044 3200     		movs	r2, r6
 520 0046 3B00     		movs	r3, r7
 521 0048 FFF7FEFF 		bl	__aeabi_dmul
 522              	.LVL43:
 523              		.loc 1 345 8 view .LVU109
 524 004c 069A     		ldr	r2, [sp, #24]
 525 004e 079B     		ldr	r3, [sp, #28]
 526 0050 FFF7FEFF 		bl	__aeabi_dadd
 527              	.LVL44:
 528 0054 0600     		movs	r6, r0
 529              	.LVL45:
 530              		.loc 1 345 8 view .LVU110
 531 0056 0F00     		movs	r7, r1
 532              	.LVL46:
 346:Core/Src/main.c **** 				xi = tmp;
ARM GAS  /var/folders/d6/h50ndp_j7xj_7552gzkj6_s40000gn/T//ccsm8Blj.s 			page 17


 533              		.loc 1 346 5 is_stmt 1 view .LVU111
 347:Core/Src/main.c **** 				++i;
 534              		.loc 1 347 5 view .LVU112
 535 0058 0123     		movs	r3, #1
 536 005a 9C46     		mov	ip, r3
 537 005c E044     		add	r8, r8, ip
 538              	.LVL47:
 346:Core/Src/main.c **** 				xi = tmp;
 539              		.loc 1 346 8 is_stmt 0 view .LVU113
 540 005e 009C     		ldr	r4, [sp]
 541 0060 019D     		ldr	r5, [sp, #4]
 542              	.LVL48:
 543              	.L21:
 346:Core/Src/main.c **** 				xi = tmp;
 544              		.loc 1 346 8 view .LVU114
 545              	.LBE19:
 343:Core/Src/main.c **** 				double tmp = xi*xi - yi*yi + x0;
 546              		.loc 1 343 30 is_stmt 1 view .LVU115
 547 0062 C845     		cmp	r8, r9
 548 0064 1BDA     		bge	.L22
 343:Core/Src/main.c **** 				double tmp = xi*xi - yi*yi + x0;
 549              		.loc 1 343 36 is_stmt 0 discriminator 1 view .LVU116
 550 0066 2200     		movs	r2, r4
 551 0068 2B00     		movs	r3, r5
 552 006a 2000     		movs	r0, r4
 553 006c 2900     		movs	r1, r5
 554 006e FFF7FEFF 		bl	__aeabi_dmul
 555              	.LVL49:
 556 0072 0090     		str	r0, [sp]
 557 0074 0191     		str	r1, [sp, #4]
 343:Core/Src/main.c **** 				double tmp = xi*xi - yi*yi + x0;
 558              		.loc 1 343 44 discriminator 1 view .LVU117
 559 0076 3200     		movs	r2, r6
 560 0078 3B00     		movs	r3, r7
 561 007a 3000     		movs	r0, r6
 562 007c 3900     		movs	r1, r7
 563 007e FFF7FEFF 		bl	__aeabi_dmul
 564              	.LVL50:
 565 0082 0200     		movs	r2, r0
 566 0084 0B00     		movs	r3, r1
 567 0086 0292     		str	r2, [sp, #8]
 568 0088 0393     		str	r3, [sp, #12]
 343:Core/Src/main.c **** 				double tmp = xi*xi - yi*yi + x0;
 569              		.loc 1 343 40 discriminator 1 view .LVU118
 570 008a 0098     		ldr	r0, [sp]
 571 008c 0199     		ldr	r1, [sp, #4]
 572 008e FFF7FEFF 		bl	__aeabi_dadd
 573              	.LVL51:
 343:Core/Src/main.c **** 				double tmp = xi*xi - yi*yi + x0;
 574              		.loc 1 343 30 discriminator 1 view .LVU119
 575 0092 0022     		movs	r2, #0
 576 0094 304B     		ldr	r3, .L28
 577 0096 FFF7FEFF 		bl	__aeabi_dcmple
 578              	.LVL52:
 579 009a 0028     		cmp	r0, #0
 580 009c C0D1     		bne	.L23
 581              	.L22:
ARM GAS  /var/folders/d6/h50ndp_j7xj_7552gzkj6_s40000gn/T//ccsm8Blj.s 			page 18


 348:Core/Src/main.c **** 			}
 349:Core/Src/main.c **** 			mandelbrot_sum += (uint64_t)i;
 582              		.loc 1 349 4 is_stmt 1 view .LVU120
 583              		.loc 1 349 22 is_stmt 0 view .LVU121
 584 009e 4346     		mov	r3, r8
 585 00a0 0893     		str	r3, [sp, #32]
 586 00a2 DB17     		asrs	r3, r3, #31
 587 00a4 0993     		str	r3, [sp, #36]
 588              		.loc 1 349 19 view .LVU122
 589 00a6 0C9B     		ldr	r3, [sp, #48]
 590 00a8 0D9C     		ldr	r4, [sp, #52]
 591 00aa 0899     		ldr	r1, [sp, #32]
 592 00ac 099A     		ldr	r2, [sp, #36]
 593 00ae 5B18     		adds	r3, r3, r1
 594 00b0 5441     		adcs	r4, r4, r2
 595 00b2 0C93     		str	r3, [sp, #48]
 596 00b4 0D94     		str	r4, [sp, #52]
 597              	.LVL53:
 598              		.loc 1 349 19 view .LVU123
 599              	.LBE18:
 337:Core/Src/main.c **** 			double x0 = ((double)x / (double)width) * 3.5 - 2.5;  // map x -> [-2.5, 1.0]
 600              		.loc 1 337 30 is_stmt 1 discriminator 2 view .LVU124
 601 00b6 0A9B     		ldr	r3, [sp, #40]
 602              	.LVL54:
 337:Core/Src/main.c **** 			double x0 = ((double)x / (double)width) * 3.5 - 2.5;  // map x -> [-2.5, 1.0]
 603              		.loc 1 337 30 is_stmt 0 discriminator 2 view .LVU125
 604 00b8 0133     		adds	r3, r3, #1
 605 00ba 0A93     		str	r3, [sp, #40]
 606              	.LVL55:
 607              	.L20:
 337:Core/Src/main.c **** 			double x0 = ((double)x / (double)width) * 3.5 - 2.5;  // map x -> [-2.5, 1.0]
 608              		.loc 1 337 21 is_stmt 1 discriminator 1 view .LVU126
 609 00bc 0A9B     		ldr	r3, [sp, #40]
 610 00be 0B9A     		ldr	r2, [sp, #44]
 611 00c0 9342     		cmp	r3, r2
 612 00c2 1EDA     		bge	.L26
 613              	.LBB20:
 338:Core/Src/main.c **** 			double xi = 0.0;
 614              		.loc 1 338 4 view .LVU127
 338:Core/Src/main.c **** 			double xi = 0.0;
 615              		.loc 1 338 17 is_stmt 0 view .LVU128
 616 00c4 0A98     		ldr	r0, [sp, #40]
 617 00c6 FFF7FEFF 		bl	__aeabi_i2d
 618              	.LVL56:
 619 00ca 0400     		movs	r4, r0
 620 00cc 0D00     		movs	r5, r1
 338:Core/Src/main.c **** 			double xi = 0.0;
 621              		.loc 1 338 29 view .LVU129
 622 00ce 0B98     		ldr	r0, [sp, #44]
 623 00d0 FFF7FEFF 		bl	__aeabi_i2d
 624              	.LVL57:
 625 00d4 0200     		movs	r2, r0
 626 00d6 0B00     		movs	r3, r1
 338:Core/Src/main.c **** 			double xi = 0.0;
 627              		.loc 1 338 27 view .LVU130
 628 00d8 2000     		movs	r0, r4
 629 00da 2900     		movs	r1, r5
ARM GAS  /var/folders/d6/h50ndp_j7xj_7552gzkj6_s40000gn/T//ccsm8Blj.s 			page 19


 630 00dc FFF7FEFF 		bl	__aeabi_ddiv
 631              	.LVL58:
 338:Core/Src/main.c **** 			double xi = 0.0;
 632              		.loc 1 338 44 view .LVU131
 633 00e0 0022     		movs	r2, #0
 634 00e2 1E4B     		ldr	r3, .L28+4
 635 00e4 FFF7FEFF 		bl	__aeabi_dmul
 636              	.LVL59:
 338:Core/Src/main.c **** 			double xi = 0.0;
 637              		.loc 1 338 11 view .LVU132
 638 00e8 0022     		movs	r2, #0
 639 00ea 1D4B     		ldr	r3, .L28+8
 640 00ec FFF7FEFF 		bl	__aeabi_dsub
 641              	.LVL60:
 642 00f0 0490     		str	r0, [sp, #16]
 643 00f2 0591     		str	r1, [sp, #20]
 644              	.LVL61:
 339:Core/Src/main.c **** 			double yi = 0.0;
 645              		.loc 1 339 4 is_stmt 1 view .LVU133
 340:Core/Src/main.c **** 			int i = 0;
 646              		.loc 1 340 4 view .LVU134
 341:Core/Src/main.c **** 
 647              		.loc 1 341 4 view .LVU135
 343:Core/Src/main.c **** 				double tmp = xi*xi - yi*yi + x0;
 648              		.loc 1 343 4 view .LVU136
 341:Core/Src/main.c **** 
 649              		.loc 1 341 8 is_stmt 0 view .LVU137
 650 00f4 0023     		movs	r3, #0
 651 00f6 9846     		mov	r8, r3
 340:Core/Src/main.c **** 			int i = 0;
 652              		.loc 1 340 11 view .LVU138
 653 00f8 0026     		movs	r6, #0
 654 00fa 0027     		movs	r7, #0
 339:Core/Src/main.c **** 			double yi = 0.0;
 655              		.loc 1 339 11 view .LVU139
 656 00fc 3400     		movs	r4, r6
 657 00fe 3D00     		movs	r5, r7
 343:Core/Src/main.c **** 				double tmp = xi*xi - yi*yi + x0;
 658              		.loc 1 343 10 view .LVU140
 659 0100 AFE7     		b	.L21
 660              	.LVL62:
 661              	.L26:
 343:Core/Src/main.c **** 				double tmp = xi*xi - yi*yi + x0;
 662              		.loc 1 343 10 view .LVU141
 663              	.LBE20:
 664              	.LBE17:
 665              	.LBE16:
 335:Core/Src/main.c **** 		double y0 = ((double)y / (double)height) * 2.0 - 1.0;      // map y -> [-1, +1]
 666              		.loc 1 335 30 discriminator 2 view .LVU142
 667 0102 5E46     		mov	r6, fp
 668 0104 5746     		mov	r7, r10
 335:Core/Src/main.c **** 		double y0 = ((double)y / (double)height) * 2.0 - 1.0;      // map y -> [-1, +1]
 669              		.loc 1 335 30 is_stmt 1 discriminator 2 view .LVU143
 670 0106 0136     		adds	r6, r6, #1
 671              	.LVL63:
 672              	.L19:
 335:Core/Src/main.c **** 		double y0 = ((double)y / (double)height) * 2.0 - 1.0;      // map y -> [-1, +1]
ARM GAS  /var/folders/d6/h50ndp_j7xj_7552gzkj6_s40000gn/T//ccsm8Blj.s 			page 20


 673              		.loc 1 335 20 discriminator 1 view .LVU144
 674 0108 BE42     		cmp	r6, r7
 675 010a 1CDA     		bge	.L27
 676              	.LBB22:
 336:Core/Src/main.c **** 		for (int x = 0; x < width; ++x) {
 677              		.loc 1 336 3 view .LVU145
 336:Core/Src/main.c **** 		for (int x = 0; x < width; ++x) {
 678              		.loc 1 336 16 is_stmt 0 view .LVU146
 679 010c 3000     		movs	r0, r6
 680 010e FFF7FEFF 		bl	__aeabi_i2d
 681              	.LVL64:
 682 0112 0400     		movs	r4, r0
 683 0114 0D00     		movs	r5, r1
 336:Core/Src/main.c **** 		for (int x = 0; x < width; ++x) {
 684              		.loc 1 336 28 view .LVU147
 685 0116 3800     		movs	r0, r7
 686 0118 FFF7FEFF 		bl	__aeabi_i2d
 687              	.LVL65:
 688 011c 0200     		movs	r2, r0
 689 011e 0B00     		movs	r3, r1
 336:Core/Src/main.c **** 		for (int x = 0; x < width; ++x) {
 690              		.loc 1 336 26 view .LVU148
 691 0120 2000     		movs	r0, r4
 692 0122 2900     		movs	r1, r5
 693 0124 FFF7FEFF 		bl	__aeabi_ddiv
 694              	.LVL66:
 336:Core/Src/main.c **** 		for (int x = 0; x < width; ++x) {
 695              		.loc 1 336 44 view .LVU149
 696 0128 0200     		movs	r2, r0
 697 012a 0B00     		movs	r3, r1
 698 012c FFF7FEFF 		bl	__aeabi_dadd
 699              	.LVL67:
 336:Core/Src/main.c **** 		for (int x = 0; x < width; ++x) {
 700              		.loc 1 336 10 view .LVU150
 701 0130 0022     		movs	r2, #0
 702 0132 0C4B     		ldr	r3, .L28+12
 703 0134 FFF7FEFF 		bl	__aeabi_dsub
 704              	.LVL68:
 705 0138 0690     		str	r0, [sp, #24]
 706 013a 0791     		str	r1, [sp, #28]
 707              	.LVL69:
 337:Core/Src/main.c **** 			double x0 = ((double)x / (double)width) * 3.5 - 2.5;  // map x -> [-2.5, 1.0]
 708              		.loc 1 337 3 is_stmt 1 view .LVU151
 709              	.LBB21:
 337:Core/Src/main.c **** 			double x0 = ((double)x / (double)width) * 3.5 - 2.5;  // map x -> [-2.5, 1.0]
 710              		.loc 1 337 8 view .LVU152
 337:Core/Src/main.c **** 			double x0 = ((double)x / (double)width) * 3.5 - 2.5;  // map x -> [-2.5, 1.0]
 711              		.loc 1 337 12 is_stmt 0 view .LVU153
 712 013c 0023     		movs	r3, #0
 713 013e B346     		mov	fp, r6
 714 0140 0A93     		str	r3, [sp, #40]
 715 0142 BA46     		mov	r10, r7
 337:Core/Src/main.c **** 			double x0 = ((double)x / (double)width) * 3.5 - 2.5;  // map x -> [-2.5, 1.0]
 716              		.loc 1 337 3 view .LVU154
 717 0144 BAE7     		b	.L20
 718              	.LVL70:
 719              	.L27:
ARM GAS  /var/folders/d6/h50ndp_j7xj_7552gzkj6_s40000gn/T//ccsm8Blj.s 			page 21


 337:Core/Src/main.c **** 			double x0 = ((double)x / (double)width) * 3.5 - 2.5;  // map x -> [-2.5, 1.0]
 720              		.loc 1 337 3 view .LVU155
 721              	.LBE21:
 722              	.LBE22:
 723              	.LBE23:
 350:Core/Src/main.c **** 		}
 351:Core/Src/main.c **** 	}
 352:Core/Src/main.c ****     
 353:Core/Src/main.c ****     return mandelbrot_sum;
 724              		.loc 1 353 5 is_stmt 1 view .LVU156
 354:Core/Src/main.c **** }
 725              		.loc 1 354 1 is_stmt 0 view .LVU157
 726 0146 0C98     		ldr	r0, [sp, #48]
 727 0148 0D99     		ldr	r1, [sp, #52]
 728 014a 0FB0     		add	sp, sp, #60
 729              		@ sp needed
 730              	.LVL71:
 731              	.LVL72:
 732              	.LVL73:
 733              		.loc 1 354 1 view .LVU158
 734 014c F0BC     		pop	{r4, r5, r6, r7}
 735 014e BB46     		mov	fp, r7
 736 0150 B246     		mov	r10, r6
 737 0152 A946     		mov	r9, r5
 738 0154 A046     		mov	r8, r4
 739 0156 F0BD     		pop	{r4, r5, r6, r7, pc}
 740              	.L29:
 741              		.align	2
 742              	.L28:
 743 0158 00001040 		.word	1074790400
 744 015c 00000C40 		.word	1074528256
 745 0160 00000440 		.word	1074003968
 746 0164 0000F03F 		.word	1072693248
 747              		.cfi_endproc
 748              	.LFE44:
 750              		.section	.text.Error_Handler,"ax",%progbits
 751              		.align	1
 752              		.global	Error_Handler
 753              		.syntax unified
 754              		.code	16
 755              		.thumb_func
 757              	Error_Handler:
 758              	.LFB45:
 355:Core/Src/main.c **** 
 356:Core/Src/main.c **** /* USER CODE END 4 */
 357:Core/Src/main.c **** 
 358:Core/Src/main.c **** /**
 359:Core/Src/main.c ****   * @brief  This function is executed in case of error occurrence.
 360:Core/Src/main.c ****   * @retval None
 361:Core/Src/main.c ****   */
 362:Core/Src/main.c **** void Error_Handler(void)
 363:Core/Src/main.c **** {
 759              		.loc 1 363 1 is_stmt 1 view -0
 760              		.cfi_startproc
 761              		@ Volatile: function does not return.
 762              		@ args = 0, pretend = 0, frame = 0
 763              		@ frame_needed = 0, uses_anonymous_args = 0
ARM GAS  /var/folders/d6/h50ndp_j7xj_7552gzkj6_s40000gn/T//ccsm8Blj.s 			page 22


 764              		@ link register save eliminated.
 364:Core/Src/main.c ****   /* USER CODE BEGIN Error_Handler_Debug */
 365:Core/Src/main.c ****   /* User can add his own implementation to report the HAL error return state */
 366:Core/Src/main.c ****   __disable_irq();
 765              		.loc 1 366 3 view .LVU160
 766              	.LBB24:
 767              	.LBI24:
 768              		.file 2 "Drivers/CMSIS/Include/cmsis_gcc.h"
   1:Drivers/CMSIS/Include/cmsis_gcc.h **** /**************************************************************************//**
   2:Drivers/CMSIS/Include/cmsis_gcc.h ****  * @file     cmsis_gcc.h
   3:Drivers/CMSIS/Include/cmsis_gcc.h ****  * @brief    CMSIS compiler GCC header file
   4:Drivers/CMSIS/Include/cmsis_gcc.h ****  * @version  V5.0.4
   5:Drivers/CMSIS/Include/cmsis_gcc.h ****  * @date     09. April 2018
   6:Drivers/CMSIS/Include/cmsis_gcc.h ****  ******************************************************************************/
   7:Drivers/CMSIS/Include/cmsis_gcc.h **** /*
   8:Drivers/CMSIS/Include/cmsis_gcc.h ****  * Copyright (c) 2009-2018 Arm Limited. All rights reserved.
   9:Drivers/CMSIS/Include/cmsis_gcc.h ****  *
  10:Drivers/CMSIS/Include/cmsis_gcc.h ****  * SPDX-License-Identifier: Apache-2.0
  11:Drivers/CMSIS/Include/cmsis_gcc.h ****  *
  12:Drivers/CMSIS/Include/cmsis_gcc.h ****  * Licensed under the Apache License, Version 2.0 (the License); you may
  13:Drivers/CMSIS/Include/cmsis_gcc.h ****  * not use this file except in compliance with the License.
  14:Drivers/CMSIS/Include/cmsis_gcc.h ****  * You may obtain a copy of the License at
  15:Drivers/CMSIS/Include/cmsis_gcc.h ****  *
  16:Drivers/CMSIS/Include/cmsis_gcc.h ****  * www.apache.org/licenses/LICENSE-2.0
  17:Drivers/CMSIS/Include/cmsis_gcc.h ****  *
  18:Drivers/CMSIS/Include/cmsis_gcc.h ****  * Unless required by applicable law or agreed to in writing, software
  19:Drivers/CMSIS/Include/cmsis_gcc.h ****  * distributed under the License is distributed on an AS IS BASIS, WITHOUT
  20:Drivers/CMSIS/Include/cmsis_gcc.h ****  * WARRANTIES OR CONDITIONS OF ANY KIND, either express or implied.
  21:Drivers/CMSIS/Include/cmsis_gcc.h ****  * See the License for the specific language governing permissions and
  22:Drivers/CMSIS/Include/cmsis_gcc.h ****  * limitations under the License.
  23:Drivers/CMSIS/Include/cmsis_gcc.h ****  */
  24:Drivers/CMSIS/Include/cmsis_gcc.h **** 
  25:Drivers/CMSIS/Include/cmsis_gcc.h **** #ifndef __CMSIS_GCC_H
  26:Drivers/CMSIS/Include/cmsis_gcc.h **** #define __CMSIS_GCC_H
  27:Drivers/CMSIS/Include/cmsis_gcc.h **** 
  28:Drivers/CMSIS/Include/cmsis_gcc.h **** /* ignore some GCC warnings */
  29:Drivers/CMSIS/Include/cmsis_gcc.h **** #pragma GCC diagnostic push
  30:Drivers/CMSIS/Include/cmsis_gcc.h **** #pragma GCC diagnostic ignored "-Wsign-conversion"
  31:Drivers/CMSIS/Include/cmsis_gcc.h **** #pragma GCC diagnostic ignored "-Wconversion"
  32:Drivers/CMSIS/Include/cmsis_gcc.h **** #pragma GCC diagnostic ignored "-Wunused-parameter"
  33:Drivers/CMSIS/Include/cmsis_gcc.h **** 
  34:Drivers/CMSIS/Include/cmsis_gcc.h **** /* Fallback for __has_builtin */
  35:Drivers/CMSIS/Include/cmsis_gcc.h **** #ifndef __has_builtin
  36:Drivers/CMSIS/Include/cmsis_gcc.h ****   #define __has_builtin(x) (0)
  37:Drivers/CMSIS/Include/cmsis_gcc.h **** #endif
  38:Drivers/CMSIS/Include/cmsis_gcc.h **** 
  39:Drivers/CMSIS/Include/cmsis_gcc.h **** /* CMSIS compiler specific defines */
  40:Drivers/CMSIS/Include/cmsis_gcc.h **** #ifndef   __ASM
  41:Drivers/CMSIS/Include/cmsis_gcc.h ****   #define __ASM                                  __asm
  42:Drivers/CMSIS/Include/cmsis_gcc.h **** #endif
  43:Drivers/CMSIS/Include/cmsis_gcc.h **** #ifndef   __INLINE
  44:Drivers/CMSIS/Include/cmsis_gcc.h ****   #define __INLINE                               inline
  45:Drivers/CMSIS/Include/cmsis_gcc.h **** #endif
  46:Drivers/CMSIS/Include/cmsis_gcc.h **** #ifndef   __STATIC_INLINE
  47:Drivers/CMSIS/Include/cmsis_gcc.h ****   #define __STATIC_INLINE                        static inline
  48:Drivers/CMSIS/Include/cmsis_gcc.h **** #endif
  49:Drivers/CMSIS/Include/cmsis_gcc.h **** #ifndef   __STATIC_FORCEINLINE                 
ARM GAS  /var/folders/d6/h50ndp_j7xj_7552gzkj6_s40000gn/T//ccsm8Blj.s 			page 23


  50:Drivers/CMSIS/Include/cmsis_gcc.h ****   #define __STATIC_FORCEINLINE                   __attribute__((always_inline)) static inline
  51:Drivers/CMSIS/Include/cmsis_gcc.h **** #endif                                           
  52:Drivers/CMSIS/Include/cmsis_gcc.h **** #ifndef   __NO_RETURN
  53:Drivers/CMSIS/Include/cmsis_gcc.h ****   #define __NO_RETURN                            __attribute__((__noreturn__))
  54:Drivers/CMSIS/Include/cmsis_gcc.h **** #endif
  55:Drivers/CMSIS/Include/cmsis_gcc.h **** #ifndef   __USED
  56:Drivers/CMSIS/Include/cmsis_gcc.h ****   #define __USED                                 __attribute__((used))
  57:Drivers/CMSIS/Include/cmsis_gcc.h **** #endif
  58:Drivers/CMSIS/Include/cmsis_gcc.h **** #ifndef   __WEAK
  59:Drivers/CMSIS/Include/cmsis_gcc.h ****   #define __WEAK                                 __attribute__((weak))
  60:Drivers/CMSIS/Include/cmsis_gcc.h **** #endif
  61:Drivers/CMSIS/Include/cmsis_gcc.h **** #ifndef   __PACKED
  62:Drivers/CMSIS/Include/cmsis_gcc.h ****   #define __PACKED                               __attribute__((packed, aligned(1)))
  63:Drivers/CMSIS/Include/cmsis_gcc.h **** #endif
  64:Drivers/CMSIS/Include/cmsis_gcc.h **** #ifndef   __PACKED_STRUCT
  65:Drivers/CMSIS/Include/cmsis_gcc.h ****   #define __PACKED_STRUCT                        struct __attribute__((packed, aligned(1)))
  66:Drivers/CMSIS/Include/cmsis_gcc.h **** #endif
  67:Drivers/CMSIS/Include/cmsis_gcc.h **** #ifndef   __PACKED_UNION
  68:Drivers/CMSIS/Include/cmsis_gcc.h ****   #define __PACKED_UNION                         union __attribute__((packed, aligned(1)))
  69:Drivers/CMSIS/Include/cmsis_gcc.h **** #endif
  70:Drivers/CMSIS/Include/cmsis_gcc.h **** #ifndef   __UNALIGNED_UINT32        /* deprecated */
  71:Drivers/CMSIS/Include/cmsis_gcc.h ****   #pragma GCC diagnostic push
  72:Drivers/CMSIS/Include/cmsis_gcc.h ****   #pragma GCC diagnostic ignored "-Wpacked"
  73:Drivers/CMSIS/Include/cmsis_gcc.h ****   #pragma GCC diagnostic ignored "-Wattributes"
  74:Drivers/CMSIS/Include/cmsis_gcc.h ****   struct __attribute__((packed)) T_UINT32 { uint32_t v; };
  75:Drivers/CMSIS/Include/cmsis_gcc.h ****   #pragma GCC diagnostic pop
  76:Drivers/CMSIS/Include/cmsis_gcc.h ****   #define __UNALIGNED_UINT32(x)                  (((struct T_UINT32 *)(x))->v)
  77:Drivers/CMSIS/Include/cmsis_gcc.h **** #endif
  78:Drivers/CMSIS/Include/cmsis_gcc.h **** #ifndef   __UNALIGNED_UINT16_WRITE
  79:Drivers/CMSIS/Include/cmsis_gcc.h ****   #pragma GCC diagnostic push
  80:Drivers/CMSIS/Include/cmsis_gcc.h ****   #pragma GCC diagnostic ignored "-Wpacked"
  81:Drivers/CMSIS/Include/cmsis_gcc.h ****   #pragma GCC diagnostic ignored "-Wattributes"
  82:Drivers/CMSIS/Include/cmsis_gcc.h ****   __PACKED_STRUCT T_UINT16_WRITE { uint16_t v; };
  83:Drivers/CMSIS/Include/cmsis_gcc.h ****   #pragma GCC diagnostic pop
  84:Drivers/CMSIS/Include/cmsis_gcc.h ****   #define __UNALIGNED_UINT16_WRITE(addr, val)    (void)((((struct T_UINT16_WRITE *)(void *)(addr))-
  85:Drivers/CMSIS/Include/cmsis_gcc.h **** #endif
  86:Drivers/CMSIS/Include/cmsis_gcc.h **** #ifndef   __UNALIGNED_UINT16_READ
  87:Drivers/CMSIS/Include/cmsis_gcc.h ****   #pragma GCC diagnostic push
  88:Drivers/CMSIS/Include/cmsis_gcc.h ****   #pragma GCC diagnostic ignored "-Wpacked"
  89:Drivers/CMSIS/Include/cmsis_gcc.h ****   #pragma GCC diagnostic ignored "-Wattributes"
  90:Drivers/CMSIS/Include/cmsis_gcc.h ****   __PACKED_STRUCT T_UINT16_READ { uint16_t v; };
  91:Drivers/CMSIS/Include/cmsis_gcc.h ****   #pragma GCC diagnostic pop
  92:Drivers/CMSIS/Include/cmsis_gcc.h ****   #define __UNALIGNED_UINT16_READ(addr)          (((const struct T_UINT16_READ *)(const void *)(add
  93:Drivers/CMSIS/Include/cmsis_gcc.h **** #endif
  94:Drivers/CMSIS/Include/cmsis_gcc.h **** #ifndef   __UNALIGNED_UINT32_WRITE
  95:Drivers/CMSIS/Include/cmsis_gcc.h ****   #pragma GCC diagnostic push
  96:Drivers/CMSIS/Include/cmsis_gcc.h ****   #pragma GCC diagnostic ignored "-Wpacked"
  97:Drivers/CMSIS/Include/cmsis_gcc.h ****   #pragma GCC diagnostic ignored "-Wattributes"
  98:Drivers/CMSIS/Include/cmsis_gcc.h ****   __PACKED_STRUCT T_UINT32_WRITE { uint32_t v; };
  99:Drivers/CMSIS/Include/cmsis_gcc.h ****   #pragma GCC diagnostic pop
 100:Drivers/CMSIS/Include/cmsis_gcc.h ****   #define __UNALIGNED_UINT32_WRITE(addr, val)    (void)((((struct T_UINT32_WRITE *)(void *)(addr))-
 101:Drivers/CMSIS/Include/cmsis_gcc.h **** #endif
 102:Drivers/CMSIS/Include/cmsis_gcc.h **** #ifndef   __UNALIGNED_UINT32_READ
 103:Drivers/CMSIS/Include/cmsis_gcc.h ****   #pragma GCC diagnostic push
 104:Drivers/CMSIS/Include/cmsis_gcc.h ****   #pragma GCC diagnostic ignored "-Wpacked"
 105:Drivers/CMSIS/Include/cmsis_gcc.h ****   #pragma GCC diagnostic ignored "-Wattributes"
 106:Drivers/CMSIS/Include/cmsis_gcc.h ****   __PACKED_STRUCT T_UINT32_READ { uint32_t v; };
ARM GAS  /var/folders/d6/h50ndp_j7xj_7552gzkj6_s40000gn/T//ccsm8Blj.s 			page 24


 107:Drivers/CMSIS/Include/cmsis_gcc.h ****   #pragma GCC diagnostic pop
 108:Drivers/CMSIS/Include/cmsis_gcc.h ****   #define __UNALIGNED_UINT32_READ(addr)          (((const struct T_UINT32_READ *)(const void *)(add
 109:Drivers/CMSIS/Include/cmsis_gcc.h **** #endif
 110:Drivers/CMSIS/Include/cmsis_gcc.h **** #ifndef   __ALIGNED
 111:Drivers/CMSIS/Include/cmsis_gcc.h ****   #define __ALIGNED(x)                           __attribute__((aligned(x)))
 112:Drivers/CMSIS/Include/cmsis_gcc.h **** #endif
 113:Drivers/CMSIS/Include/cmsis_gcc.h **** #ifndef   __RESTRICT
 114:Drivers/CMSIS/Include/cmsis_gcc.h ****   #define __RESTRICT                             __restrict
 115:Drivers/CMSIS/Include/cmsis_gcc.h **** #endif
 116:Drivers/CMSIS/Include/cmsis_gcc.h **** 
 117:Drivers/CMSIS/Include/cmsis_gcc.h **** 
 118:Drivers/CMSIS/Include/cmsis_gcc.h **** /* ###########################  Core Function Access  ########################### */
 119:Drivers/CMSIS/Include/cmsis_gcc.h **** /** \ingroup  CMSIS_Core_FunctionInterface
 120:Drivers/CMSIS/Include/cmsis_gcc.h ****     \defgroup CMSIS_Core_RegAccFunctions CMSIS Core Register Access Functions
 121:Drivers/CMSIS/Include/cmsis_gcc.h ****   @{
 122:Drivers/CMSIS/Include/cmsis_gcc.h ****  */
 123:Drivers/CMSIS/Include/cmsis_gcc.h **** 
 124:Drivers/CMSIS/Include/cmsis_gcc.h **** /**
 125:Drivers/CMSIS/Include/cmsis_gcc.h ****   \brief   Enable IRQ Interrupts
 126:Drivers/CMSIS/Include/cmsis_gcc.h ****   \details Enables IRQ interrupts by clearing the I-bit in the CPSR.
 127:Drivers/CMSIS/Include/cmsis_gcc.h ****            Can only be executed in Privileged modes.
 128:Drivers/CMSIS/Include/cmsis_gcc.h ****  */
 129:Drivers/CMSIS/Include/cmsis_gcc.h **** __STATIC_FORCEINLINE void __enable_irq(void)
 130:Drivers/CMSIS/Include/cmsis_gcc.h **** {
 131:Drivers/CMSIS/Include/cmsis_gcc.h ****   __ASM volatile ("cpsie i" : : : "memory");
 132:Drivers/CMSIS/Include/cmsis_gcc.h **** }
 133:Drivers/CMSIS/Include/cmsis_gcc.h **** 
 134:Drivers/CMSIS/Include/cmsis_gcc.h **** 
 135:Drivers/CMSIS/Include/cmsis_gcc.h **** /**
 136:Drivers/CMSIS/Include/cmsis_gcc.h ****   \brief   Disable IRQ Interrupts
 137:Drivers/CMSIS/Include/cmsis_gcc.h ****   \details Disables IRQ interrupts by setting the I-bit in the CPSR.
 138:Drivers/CMSIS/Include/cmsis_gcc.h ****            Can only be executed in Privileged modes.
 139:Drivers/CMSIS/Include/cmsis_gcc.h ****  */
 140:Drivers/CMSIS/Include/cmsis_gcc.h **** __STATIC_FORCEINLINE void __disable_irq(void)
 769              		.loc 2 140 27 view .LVU161
 770              	.LBB25:
 141:Drivers/CMSIS/Include/cmsis_gcc.h **** {
 142:Drivers/CMSIS/Include/cmsis_gcc.h ****   __ASM volatile ("cpsid i" : : : "memory");
 771              		.loc 2 142 3 view .LVU162
 772              		.syntax divided
 773              	@ 142 "Drivers/CMSIS/Include/cmsis_gcc.h" 1
 774 0000 72B6     		cpsid i
 775              	@ 0 "" 2
 776              		.thumb
 777              		.syntax unified
 778              	.L31:
 779              	.LBE25:
 780              	.LBE24:
 367:Core/Src/main.c ****   while (1)
 781              		.loc 1 367 3 view .LVU163
 368:Core/Src/main.c ****   {
 369:Core/Src/main.c ****   }
 782              		.loc 1 369 3 view .LVU164
 367:Core/Src/main.c ****   while (1)
 783              		.loc 1 367 9 view .LVU165
 784 0002 FEE7     		b	.L31
 785              		.cfi_endproc
ARM GAS  /var/folders/d6/h50ndp_j7xj_7552gzkj6_s40000gn/T//ccsm8Blj.s 			page 25


 786              	.LFE45:
 788              		.section	.text.SystemClock_Config,"ax",%progbits
 789              		.align	1
 790              		.global	SystemClock_Config
 791              		.syntax unified
 792              		.code	16
 793              		.thumb_func
 795              	SystemClock_Config:
 796              	.LFB41:
 188:Core/Src/main.c ****   RCC_OscInitTypeDef RCC_OscInitStruct = {0};
 797              		.loc 1 188 1 view -0
 798              		.cfi_startproc
 799              		@ args = 0, pretend = 0, frame = 64
 800              		@ frame_needed = 0, uses_anonymous_args = 0
 801 0000 00B5     		push	{lr}
 802              	.LCFI8:
 803              		.cfi_def_cfa_offset 4
 804              		.cfi_offset 14, -4
 805 0002 91B0     		sub	sp, sp, #68
 806              	.LCFI9:
 807              		.cfi_def_cfa_offset 72
 189:Core/Src/main.c ****   RCC_ClkInitTypeDef RCC_ClkInitStruct = {0};
 808              		.loc 1 189 3 view .LVU167
 189:Core/Src/main.c ****   RCC_ClkInitTypeDef RCC_ClkInitStruct = {0};
 809              		.loc 1 189 22 is_stmt 0 view .LVU168
 810 0004 3022     		movs	r2, #48
 811 0006 0021     		movs	r1, #0
 812 0008 04A8     		add	r0, sp, #16
 813 000a FFF7FEFF 		bl	memset
 814              	.LVL74:
 190:Core/Src/main.c **** 
 815              		.loc 1 190 3 is_stmt 1 view .LVU169
 190:Core/Src/main.c **** 
 816              		.loc 1 190 22 is_stmt 0 view .LVU170
 817 000e 1022     		movs	r2, #16
 818 0010 0021     		movs	r1, #0
 819 0012 6846     		mov	r0, sp
 820 0014 FFF7FEFF 		bl	memset
 821              	.LVL75:
 195:Core/Src/main.c ****   RCC_OscInitStruct.HSIState = RCC_HSI_ON;
 822              		.loc 1 195 3 is_stmt 1 view .LVU171
 195:Core/Src/main.c ****   RCC_OscInitStruct.HSIState = RCC_HSI_ON;
 823              		.loc 1 195 36 is_stmt 0 view .LVU172
 824 0018 0223     		movs	r3, #2
 825 001a 0493     		str	r3, [sp, #16]
 196:Core/Src/main.c ****   RCC_OscInitStruct.HSICalibrationValue = RCC_HSICALIBRATION_DEFAULT;
 826              		.loc 1 196 3 is_stmt 1 view .LVU173
 196:Core/Src/main.c ****   RCC_OscInitStruct.HSICalibrationValue = RCC_HSICALIBRATION_DEFAULT;
 827              		.loc 1 196 30 is_stmt 0 view .LVU174
 828 001c 013B     		subs	r3, r3, #1
 829 001e 0793     		str	r3, [sp, #28]
 197:Core/Src/main.c ****   RCC_OscInitStruct.PLL.PLLState = RCC_PLL_NONE;
 830              		.loc 1 197 3 is_stmt 1 view .LVU175
 197:Core/Src/main.c ****   RCC_OscInitStruct.PLL.PLLState = RCC_PLL_NONE;
 831              		.loc 1 197 41 is_stmt 0 view .LVU176
 832 0020 0F33     		adds	r3, r3, #15
 833 0022 0893     		str	r3, [sp, #32]
ARM GAS  /var/folders/d6/h50ndp_j7xj_7552gzkj6_s40000gn/T//ccsm8Blj.s 			page 26


 198:Core/Src/main.c ****   if (HAL_RCC_OscConfig(&RCC_OscInitStruct) != HAL_OK)
 834              		.loc 1 198 3 is_stmt 1 view .LVU177
 199:Core/Src/main.c ****   {
 835              		.loc 1 199 3 view .LVU178
 199:Core/Src/main.c ****   {
 836              		.loc 1 199 7 is_stmt 0 view .LVU179
 837 0024 04A8     		add	r0, sp, #16
 838 0026 FFF7FEFF 		bl	HAL_RCC_OscConfig
 839              	.LVL76:
 199:Core/Src/main.c ****   {
 840              		.loc 1 199 6 discriminator 1 view .LVU180
 841 002a 0028     		cmp	r0, #0
 842 002c 0DD1     		bne	.L35
 206:Core/Src/main.c ****                               |RCC_CLOCKTYPE_PCLK1;
 843              		.loc 1 206 3 is_stmt 1 view .LVU181
 206:Core/Src/main.c ****                               |RCC_CLOCKTYPE_PCLK1;
 844              		.loc 1 206 31 is_stmt 0 view .LVU182
 845 002e 0723     		movs	r3, #7
 846 0030 0093     		str	r3, [sp]
 208:Core/Src/main.c ****   RCC_ClkInitStruct.AHBCLKDivider = RCC_SYSCLK_DIV1;
 847              		.loc 1 208 3 is_stmt 1 view .LVU183
 208:Core/Src/main.c ****   RCC_ClkInitStruct.AHBCLKDivider = RCC_SYSCLK_DIV1;
 848              		.loc 1 208 34 is_stmt 0 view .LVU184
 849 0032 0023     		movs	r3, #0
 850 0034 0193     		str	r3, [sp, #4]
 209:Core/Src/main.c ****   RCC_ClkInitStruct.APB1CLKDivider = RCC_HCLK_DIV1;
 851              		.loc 1 209 3 is_stmt 1 view .LVU185
 209:Core/Src/main.c ****   RCC_ClkInitStruct.APB1CLKDivider = RCC_HCLK_DIV1;
 852              		.loc 1 209 35 is_stmt 0 view .LVU186
 853 0036 0293     		str	r3, [sp, #8]
 210:Core/Src/main.c **** 
 854              		.loc 1 210 3 is_stmt 1 view .LVU187
 210:Core/Src/main.c **** 
 855              		.loc 1 210 36 is_stmt 0 view .LVU188
 856 0038 0393     		str	r3, [sp, #12]
 212:Core/Src/main.c ****   {
 857              		.loc 1 212 3 is_stmt 1 view .LVU189
 212:Core/Src/main.c ****   {
 858              		.loc 1 212 7 is_stmt 0 view .LVU190
 859 003a 0021     		movs	r1, #0
 860 003c 6846     		mov	r0, sp
 861 003e FFF7FEFF 		bl	HAL_RCC_ClockConfig
 862              	.LVL77:
 212:Core/Src/main.c ****   {
 863              		.loc 1 212 6 discriminator 1 view .LVU191
 864 0042 0028     		cmp	r0, #0
 865 0044 03D1     		bne	.L36
 216:Core/Src/main.c **** 
 866              		.loc 1 216 1 view .LVU192
 867 0046 11B0     		add	sp, sp, #68
 868              		@ sp needed
 869 0048 00BD     		pop	{pc}
 870              	.L35:
 201:Core/Src/main.c ****   }
 871              		.loc 1 201 5 is_stmt 1 view .LVU193
 872 004a FFF7FEFF 		bl	Error_Handler
 873              	.LVL78:
ARM GAS  /var/folders/d6/h50ndp_j7xj_7552gzkj6_s40000gn/T//ccsm8Blj.s 			page 27


 874              	.L36:
 214:Core/Src/main.c ****   }
 875              		.loc 1 214 5 view .LVU194
 876 004e FFF7FEFF 		bl	Error_Handler
 877              	.LVL79:
 878              		.cfi_endproc
 879              	.LFE41:
 881              		.section	.text.main,"ax",%progbits
 882              		.align	1
 883              		.global	main
 884              		.syntax unified
 885              		.code	16
 886              		.thumb_func
 888              	main:
 889              	.LFB40:
  96:Core/Src/main.c ****   /* USER CODE BEGIN 1 */
 890              		.loc 1 96 1 view -0
 891              		.cfi_startproc
 892              		@ args = 0, pretend = 0, frame = 0
 893              		@ frame_needed = 0, uses_anonymous_args = 0
 894 0000 F8B5     		push	{r3, r4, r5, r6, r7, lr}
 895              	.LCFI10:
 896              		.cfi_def_cfa_offset 24
 897              		.cfi_offset 3, -24
 898              		.cfi_offset 4, -20
 899              		.cfi_offset 5, -16
 900              		.cfi_offset 6, -12
 901              		.cfi_offset 7, -8
 902              		.cfi_offset 14, -4
 903 0002 DE46     		mov	lr, fp
 904 0004 5746     		mov	r7, r10
 905 0006 4E46     		mov	r6, r9
 906 0008 4546     		mov	r5, r8
 907 000a E0B5     		push	{r5, r6, r7, lr}
 908              	.LCFI11:
 909              		.cfi_def_cfa_offset 40
 910              		.cfi_offset 8, -40
 911              		.cfi_offset 9, -36
 912              		.cfi_offset 10, -32
 913              		.cfi_offset 11, -28
 104:Core/Src/main.c **** 
 914              		.loc 1 104 3 view .LVU196
 915 000c FFF7FEFF 		bl	HAL_Init
 916              	.LVL80:
 111:Core/Src/main.c **** 
 917              		.loc 1 111 3 view .LVU197
 918 0010 FFF7FEFF 		bl	SystemClock_Config
 919              	.LVL81:
 118:Core/Src/main.c **** 
 920              		.loc 1 118 3 view .LVU198
 921 0014 FFF7FEFF 		bl	MX_GPIO_Init
 922              	.LVL82:
 122:Core/Src/main.c ****       width = image_dimensions[i];
 923              		.loc 1 122 3 view .LVU199
 924              	.LBB26:
 122:Core/Src/main.c ****       width = image_dimensions[i];
 925              		.loc 1 122 8 view .LVU200
ARM GAS  /var/folders/d6/h50ndp_j7xj_7552gzkj6_s40000gn/T//ccsm8Blj.s 			page 28


 122:Core/Src/main.c ****       width = image_dimensions[i];
 926              		.loc 1 122 12 is_stmt 0 view .LVU201
 927 0018 0025     		movs	r5, #0
 122:Core/Src/main.c ****       width = image_dimensions[i];
 928              		.loc 1 122 3 view .LVU202
 929 001a 48E0     		b	.L38
 930              	.LVL83:
 931              	.L39:
 123:Core/Src/main.c ****       height = image_dimensions[i];
 932              		.loc 1 123 7 is_stmt 1 view .LVU203
 123:Core/Src/main.c ****       height = image_dimensions[i];
 933              		.loc 1 123 31 is_stmt 0 view .LVU204
 934 001c 254B     		ldr	r3, .L41
 935 001e AA00     		lsls	r2, r5, #2
 936 0020 D358     		ldr	r3, [r2, r3]
 123:Core/Src/main.c ****       height = image_dimensions[i];
 937              		.loc 1 123 13 view .LVU205
 938 0022 254F     		ldr	r7, .L41+4
 939 0024 3B60     		str	r3, [r7]
 124:Core/Src/main.c **** 
 940              		.loc 1 124 7 is_stmt 1 view .LVU206
 124:Core/Src/main.c **** 
 941              		.loc 1 124 14 is_stmt 0 view .LVU207
 942 0026 254A     		ldr	r2, .L41+8
 943 0028 9246     		mov	r10, r2
 944 002a 1360     		str	r3, [r2]
 127:Core/Src/main.c **** 
 945              		.loc 1 127 7 is_stmt 1 view .LVU208
 946 002c 244E     		ldr	r6, .L41+12
 947 002e 0122     		movs	r2, #1
 948 0030 0121     		movs	r1, #1
 949 0032 3000     		movs	r0, r6
 950 0034 FFF7FEFF 		bl	HAL_GPIO_WritePin
 951              	.LVL84:
 131:Core/Src/main.c ****       //TODO: Call the Mandelbrot Function and store the output in the checksum variable defined in
 952              		.loc 1 131 7 view .LVU209
 131:Core/Src/main.c ****       //TODO: Call the Mandelbrot Function and store the output in the checksum variable defined in
 953              		.loc 1 131 20 is_stmt 0 view .LVU210
 954 0038 FFF7FEFF 		bl	HAL_GetTick
 955              	.LVL85:
 131:Core/Src/main.c ****       //TODO: Call the Mandelbrot Function and store the output in the checksum variable defined in
 956              		.loc 1 131 18 discriminator 1 view .LVU211
 957 003c 214C     		ldr	r4, .L41+16
 958 003e 2060     		str	r0, [r4]
 133:Core/Src/main.c ****       //TODO: Record the end time
 959              		.loc 1 133 7 is_stmt 1 view .LVU212
 133:Core/Src/main.c ****       //TODO: Record the end time
 960              		.loc 1 133 18 is_stmt 0 view .LVU213
 961 0040 5346     		mov	r3, r10
 962 0042 1968     		ldr	r1, [r3]
 963 0044 3868     		ldr	r0, [r7]
 964 0046 6422     		movs	r2, #100
 965 0048 FFF7FEFF 		bl	calculate_mandelbrot_fixed_point_arithmetic
 966              	.LVL86:
 133:Core/Src/main.c ****       //TODO: Record the end time
 967              		.loc 1 133 16 discriminator 1 view .LVU214
 968 004c 1E4B     		ldr	r3, .L41+20
ARM GAS  /var/folders/d6/h50ndp_j7xj_7552gzkj6_s40000gn/T//ccsm8Blj.s 			page 29


 969 004e 9B46     		mov	fp, r3
 970 0050 1860     		str	r0, [r3]
 971 0052 5960     		str	r1, [r3, #4]
 135:Core/Src/main.c ****       //TODO: Calculate the execution time
 972              		.loc 1 135 7 is_stmt 1 view .LVU215
 135:Core/Src/main.c ****       //TODO: Calculate the execution time
 973              		.loc 1 135 18 is_stmt 0 view .LVU216
 974 0054 FFF7FEFF 		bl	HAL_GetTick
 975              	.LVL87:
 135:Core/Src/main.c ****       //TODO: Calculate the execution time
 976              		.loc 1 135 16 discriminator 1 view .LVU217
 977 0058 1C4B     		ldr	r3, .L41+24
 978 005a 9946     		mov	r9, r3
 979 005c 1860     		str	r0, [r3]
 137:Core/Src/main.c ****       // Store or print execution_time & checksum
 980              		.loc 1 137 7 is_stmt 1 view .LVU218
 137:Core/Src/main.c ****       // Store or print execution_time & checksum
 981              		.loc 1 137 33 is_stmt 0 view .LVU219
 982 005e 2368     		ldr	r3, [r4]
 983 0060 C01A     		subs	r0, r0, r3
 137:Core/Src/main.c ****       // Store or print execution_time & checksum
 984              		.loc 1 137 22 view .LVU220
 985 0062 1B4B     		ldr	r3, .L41+28
 986 0064 9846     		mov	r8, r3
 987 0066 1860     		str	r0, [r3]
 142:Core/Src/main.c ****       //TODO: Call the Mandelbrot Function and store the output in the checksum variable defined in
 988              		.loc 1 142 7 is_stmt 1 view .LVU221
 142:Core/Src/main.c ****       //TODO: Call the Mandelbrot Function and store the output in the checksum variable defined in
 989              		.loc 1 142 20 is_stmt 0 view .LVU222
 990 0068 FFF7FEFF 		bl	HAL_GetTick
 991              	.LVL88:
 142:Core/Src/main.c ****       //TODO: Call the Mandelbrot Function and store the output in the checksum variable defined in
 992              		.loc 1 142 18 discriminator 1 view .LVU223
 993 006c 2060     		str	r0, [r4]
 144:Core/Src/main.c ****       //TODO: Record the end time
 994              		.loc 1 144 7 is_stmt 1 view .LVU224
 144:Core/Src/main.c ****       //TODO: Record the end time
 995              		.loc 1 144 18 is_stmt 0 view .LVU225
 996 006e 5346     		mov	r3, r10
 997 0070 1968     		ldr	r1, [r3]
 998 0072 3868     		ldr	r0, [r7]
 999 0074 6422     		movs	r2, #100
 1000 0076 FFF7FEFF 		bl	calculate_mandelbrot_double
 1001              	.LVL89:
 144:Core/Src/main.c ****       //TODO: Record the end time
 1002              		.loc 1 144 16 discriminator 1 view .LVU226
 1003 007a 5B46     		mov	r3, fp
 1004 007c 1860     		str	r0, [r3]
 1005 007e 5960     		str	r1, [r3, #4]
 146:Core/Src/main.c ****       //TODO: Calculate the execution time
 1006              		.loc 1 146 7 is_stmt 1 view .LVU227
 146:Core/Src/main.c ****       //TODO: Calculate the execution time
 1007              		.loc 1 146 18 is_stmt 0 view .LVU228
 1008 0080 FFF7FEFF 		bl	HAL_GetTick
 1009              	.LVL90:
 146:Core/Src/main.c ****       //TODO: Calculate the execution time
 1010              		.loc 1 146 16 discriminator 1 view .LVU229
ARM GAS  /var/folders/d6/h50ndp_j7xj_7552gzkj6_s40000gn/T//ccsm8Blj.s 			page 30


 1011 0084 4B46     		mov	r3, r9
 1012 0086 1860     		str	r0, [r3]
 148:Core/Src/main.c ****       // Store or print execution_time & checksum
 1013              		.loc 1 148 7 is_stmt 1 view .LVU230
 148:Core/Src/main.c ****       // Store or print execution_time & checksum
 1014              		.loc 1 148 33 is_stmt 0 view .LVU231
 1015 0088 2368     		ldr	r3, [r4]
 1016 008a C01A     		subs	r0, r0, r3
 148:Core/Src/main.c ****       // Store or print execution_time & checksum
 1017              		.loc 1 148 22 view .LVU232
 1018 008c 4346     		mov	r3, r8
 1019 008e 1860     		str	r0, [r3]
 152:Core/Src/main.c **** 
 1020              		.loc 1 152 7 is_stmt 1 view .LVU233
 1021 0090 0122     		movs	r2, #1
 1022 0092 0221     		movs	r1, #2
 1023 0094 3000     		movs	r0, r6
 1024 0096 FFF7FEFF 		bl	HAL_GPIO_WritePin
 1025              	.LVL91:
 155:Core/Src/main.c **** 
 1026              		.loc 1 155 7 view .LVU234
 1027 009a FA20     		movs	r0, #250
 1028 009c 8000     		lsls	r0, r0, #2
 1029 009e FFF7FEFF 		bl	HAL_Delay
 1030              	.LVL92:
 158:Core/Src/main.c ****   }
 1031              		.loc 1 158 7 view .LVU235
 1032 00a2 0022     		movs	r2, #0
 1033 00a4 0321     		movs	r1, #3
 1034 00a6 3000     		movs	r0, r6
 1035 00a8 FFF7FEFF 		bl	HAL_GPIO_WritePin
 1036              	.LVL93:
 122:Core/Src/main.c ****       width = image_dimensions[i];
 1037              		.loc 1 122 27 discriminator 3 view .LVU236
 1038 00ac 0135     		adds	r5, r5, #1
 1039              	.LVL94:
 1040              	.L38:
 122:Core/Src/main.c ****       width = image_dimensions[i];
 1041              		.loc 1 122 21 discriminator 1 view .LVU237
 1042 00ae 042D     		cmp	r5, #4
 1043 00b0 B4DD     		ble	.L39
 1044              	.L40:
 1045              	.LBE26:
 165:Core/Src/main.c ****   {
 1046              		.loc 1 165 3 view .LVU238
 179:Core/Src/main.c ****   /* USER CODE END 3 */
 1047              		.loc 1 179 3 view .LVU239
 165:Core/Src/main.c ****   {
 1048              		.loc 1 165 9 view .LVU240
 1049 00b2 FEE7     		b	.L40
 1050              	.L42:
 1051              		.align	2
 1052              	.L41:
 1053 00b4 00000000 		.word	image_dimensions
 1054 00b8 00000000 		.word	width
 1055 00bc 00000000 		.word	height
 1056 00c0 00040048 		.word	1207960576
ARM GAS  /var/folders/d6/h50ndp_j7xj_7552gzkj6_s40000gn/T//ccsm8Blj.s 			page 31


 1057 00c4 00000000 		.word	start_time
 1058 00c8 00000000 		.word	checksum
 1059 00cc 00000000 		.word	end_time
 1060 00d0 00000000 		.word	execution_time
 1061              		.cfi_endproc
 1062              	.LFE40:
 1064              		.global	image_dimensions
 1065              		.section	.rodata.image_dimensions,"a"
 1066              		.align	2
 1069              	image_dimensions:
 1070 0000 80000000 		.word	128
 1071 0004 A0000000 		.word	160
 1072 0008 C0000000 		.word	192
 1073 000c E0000000 		.word	224
 1074 0010 00010000 		.word	256
 1075              		.global	width
 1076              		.section	.bss.width,"aw",%nobits
 1077              		.align	2
 1080              	width:
 1081 0000 00000000 		.space	4
 1082              		.global	height
 1083              		.section	.bss.height,"aw",%nobits
 1084              		.align	2
 1087              	height:
 1088 0000 00000000 		.space	4
 1089              		.global	checksum
 1090              		.section	.bss.checksum,"aw",%nobits
 1091              		.align	3
 1094              	checksum:
 1095 0000 00000000 		.space	8
 1095      00000000 
 1096              		.global	execution_time
 1097              		.section	.bss.execution_time,"aw",%nobits
 1098              		.align	2
 1101              	execution_time:
 1102 0000 00000000 		.space	4
 1103              		.global	end_time
 1104              		.section	.bss.end_time,"aw",%nobits
 1105              		.align	2
 1108              	end_time:
 1109 0000 00000000 		.space	4
 1110              		.global	start_time
 1111              		.section	.bss.start_time,"aw",%nobits
 1112              		.align	2
 1115              	start_time:
 1116 0000 00000000 		.space	4
 1117              		.text
 1118              	.Letext0:
 1119              		.file 3 "/Applications/STM32CubeIDE.app/Contents/Eclipse/plugins/com.st.stm32cube.ide.mcu.external
 1120              		.file 4 "/Applications/STM32CubeIDE.app/Contents/Eclipse/plugins/com.st.stm32cube.ide.mcu.external
 1121              		.file 5 "Drivers/CMSIS/Device/ST/STM32F0xx/Include/stm32f051x8.h"
 1122              		.file 6 "Drivers/STM32F0xx_HAL_Driver/Inc/stm32f0xx_hal_def.h"
 1123              		.file 7 "Drivers/STM32F0xx_HAL_Driver/Inc/stm32f0xx_hal_rcc.h"
 1124              		.file 8 "Drivers/STM32F0xx_HAL_Driver/Inc/stm32f0xx_hal_gpio.h"
 1125              		.file 9 "Drivers/STM32F0xx_HAL_Driver/Inc/stm32f0xx_hal.h"
 1126              		.file 10 "<built-in>"
ARM GAS  /var/folders/d6/h50ndp_j7xj_7552gzkj6_s40000gn/T//ccsm8Blj.s 			page 32


DEFINED SYMBOLS
                            *ABS*:00000000 main.c
/var/folders/d6/h50ndp_j7xj_7552gzkj6_s40000gn/T//ccsm8Blj.s:19     .text.MX_GPIO_Init:00000000 $t
/var/folders/d6/h50ndp_j7xj_7552gzkj6_s40000gn/T//ccsm8Blj.s:24     .text.MX_GPIO_Init:00000000 MX_GPIO_Init
/var/folders/d6/h50ndp_j7xj_7552gzkj6_s40000gn/T//ccsm8Blj.s:114    .text.MX_GPIO_Init:0000005c $d
/var/folders/d6/h50ndp_j7xj_7552gzkj6_s40000gn/T//ccsm8Blj.s:122    .text.calculate_mandelbrot_fixed_point_arithmetic:00000000 $t
/var/folders/d6/h50ndp_j7xj_7552gzkj6_s40000gn/T//ccsm8Blj.s:128    .text.calculate_mandelbrot_fixed_point_arithmetic:00000000 calculate_mandelbrot_fixed_point_arithmetic
/var/folders/d6/h50ndp_j7xj_7552gzkj6_s40000gn/T//ccsm8Blj.s:415    .text.calculate_mandelbrot_fixed_point_arithmetic:00000128 $d
/var/folders/d6/h50ndp_j7xj_7552gzkj6_s40000gn/T//ccsm8Blj.s:431    .text.calculate_mandelbrot_double:00000000 $t
/var/folders/d6/h50ndp_j7xj_7552gzkj6_s40000gn/T//ccsm8Blj.s:437    .text.calculate_mandelbrot_double:00000000 calculate_mandelbrot_double
/var/folders/d6/h50ndp_j7xj_7552gzkj6_s40000gn/T//ccsm8Blj.s:743    .text.calculate_mandelbrot_double:00000158 $d
/var/folders/d6/h50ndp_j7xj_7552gzkj6_s40000gn/T//ccsm8Blj.s:751    .text.Error_Handler:00000000 $t
/var/folders/d6/h50ndp_j7xj_7552gzkj6_s40000gn/T//ccsm8Blj.s:757    .text.Error_Handler:00000000 Error_Handler
/var/folders/d6/h50ndp_j7xj_7552gzkj6_s40000gn/T//ccsm8Blj.s:789    .text.SystemClock_Config:00000000 $t
/var/folders/d6/h50ndp_j7xj_7552gzkj6_s40000gn/T//ccsm8Blj.s:795    .text.SystemClock_Config:00000000 SystemClock_Config
/var/folders/d6/h50ndp_j7xj_7552gzkj6_s40000gn/T//ccsm8Blj.s:882    .text.main:00000000 $t
/var/folders/d6/h50ndp_j7xj_7552gzkj6_s40000gn/T//ccsm8Blj.s:888    .text.main:00000000 main
/var/folders/d6/h50ndp_j7xj_7552gzkj6_s40000gn/T//ccsm8Blj.s:1053   .text.main:000000b4 $d
/var/folders/d6/h50ndp_j7xj_7552gzkj6_s40000gn/T//ccsm8Blj.s:1069   .rodata.image_dimensions:00000000 image_dimensions
/var/folders/d6/h50ndp_j7xj_7552gzkj6_s40000gn/T//ccsm8Blj.s:1080   .bss.width:00000000 width
/var/folders/d6/h50ndp_j7xj_7552gzkj6_s40000gn/T//ccsm8Blj.s:1087   .bss.height:00000000 height
/var/folders/d6/h50ndp_j7xj_7552gzkj6_s40000gn/T//ccsm8Blj.s:1115   .bss.start_time:00000000 start_time
/var/folders/d6/h50ndp_j7xj_7552gzkj6_s40000gn/T//ccsm8Blj.s:1094   .bss.checksum:00000000 checksum
/var/folders/d6/h50ndp_j7xj_7552gzkj6_s40000gn/T//ccsm8Blj.s:1108   .bss.end_time:00000000 end_time
/var/folders/d6/h50ndp_j7xj_7552gzkj6_s40000gn/T//ccsm8Blj.s:1101   .bss.execution_time:00000000 execution_time
/var/folders/d6/h50ndp_j7xj_7552gzkj6_s40000gn/T//ccsm8Blj.s:1066   .rodata.image_dimensions:00000000 $d
/var/folders/d6/h50ndp_j7xj_7552gzkj6_s40000gn/T//ccsm8Blj.s:1077   .bss.width:00000000 $d
/var/folders/d6/h50ndp_j7xj_7552gzkj6_s40000gn/T//ccsm8Blj.s:1084   .bss.height:00000000 $d
/var/folders/d6/h50ndp_j7xj_7552gzkj6_s40000gn/T//ccsm8Blj.s:1091   .bss.checksum:00000000 $d
/var/folders/d6/h50ndp_j7xj_7552gzkj6_s40000gn/T//ccsm8Blj.s:1098   .bss.execution_time:00000000 $d
/var/folders/d6/h50ndp_j7xj_7552gzkj6_s40000gn/T//ccsm8Blj.s:1105   .bss.end_time:00000000 $d
/var/folders/d6/h50ndp_j7xj_7552gzkj6_s40000gn/T//ccsm8Blj.s:1112   .bss.start_time:00000000 $d

UNDEFINED SYMBOLS
memset
HAL_GPIO_WritePin
HAL_GPIO_Init
__aeabi_lmul
__aeabi_ldivmod
__aeabi_i2d
__aeabi_ddiv
__aeabi_dadd
__aeabi_dsub
__aeabi_dmul
__aeabi_dcmple
HAL_RCC_OscConfig
HAL_RCC_ClockConfig
HAL_Init
HAL_GetTick
HAL_Delay
